Archive member included to satisfy reference by file (symbol)

/usr/lib/gcc/arm-none-eabi/4.9.3/armv7-m/libgcc.a(_aeabi_uldivmod.o)
                              obj_zoul/cc2538-rf.o (__aeabi_uldivmod)
/usr/lib/gcc/arm-none-eabi/4.9.3/armv7-m/libgcc.a(bpabi.o)
                              /usr/lib/gcc/arm-none-eabi/4.9.3/armv7-m/libgcc.a(_aeabi_uldivmod.o) (__gnu_uldivmod_helper)
/usr/lib/gcc/arm-none-eabi/4.9.3/armv7-m/libgcc.a(_dvmd_tls.o)
                              /usr/lib/gcc/arm-none-eabi/4.9.3/armv7-m/libgcc.a(_aeabi_uldivmod.o) (__aeabi_ldiv0)
/usr/lib/gcc/arm-none-eabi/4.9.3/armv7-m/libgcc.a(_divdi3.o)
                              /usr/lib/gcc/arm-none-eabi/4.9.3/armv7-m/libgcc.a(bpabi.o) (__divdi3)
/usr/lib/gcc/arm-none-eabi/4.9.3/armv7-m/libgcc.a(_udivdi3.o)
                              /usr/lib/gcc/arm-none-eabi/4.9.3/armv7-m/libgcc.a(bpabi.o) (__udivdi3)
/usr/lib/gcc/arm-none-eabi/4.9.3/../../../arm-none-eabi/lib/armv7-m/libc.a(lib_a-ctype_.o)
                              obj_zoul/resolv.o (__ctype_ptr__)
/usr/lib/gcc/arm-none-eabi/4.9.3/../../../arm-none-eabi/lib/armv7-m/libc.a(lib_a-memcmp.o)
                              obj_zoul/slip.o (memcmp)
/usr/lib/gcc/arm-none-eabi/4.9.3/../../../arm-none-eabi/lib/armv7-m/libc.a(lib_a-memcpy.o)
                              obj_zoul/slip.o (memcpy)
/usr/lib/gcc/arm-none-eabi/4.9.3/../../../arm-none-eabi/lib/armv7-m/libc.a(lib_a-memmove.o)
                              obj_zoul/mmem.o (memmove)
/usr/lib/gcc/arm-none-eabi/4.9.3/../../../arm-none-eabi/lib/armv7-m/libc.a(lib_a-memset.o)
                              obj_zoul/gpio.o (memset)
/usr/lib/gcc/arm-none-eabi/4.9.3/../../../arm-none-eabi/lib/armv7-m/libc.a(lib_a-reent.o)
                              obj_zoul/syscalls.o (errno)
/usr/lib/gcc/arm-none-eabi/4.9.3/../../../arm-none-eabi/lib/armv7-m/libc.a(lib_a-strcasecmp.o)
                              obj_zoul/resolv.o (strcasecmp)
/usr/lib/gcc/arm-none-eabi/4.9.3/../../../arm-none-eabi/lib/armv7-m/libc.a(lib_a-strcat.o)
                              obj_zoul/resolv.o (strcat)
/usr/lib/gcc/arm-none-eabi/4.9.3/../../../arm-none-eabi/lib/armv7-m/libc.a(lib_a-strcmp.o)
                              obj_zoul/cfs-coffee.o (strcmp)
/usr/lib/gcc/arm-none-eabi/4.9.3/../../../arm-none-eabi/lib/armv7-m/libc.a(lib_a-strcpy.o)
                              border-router.co (strcpy)
/usr/lib/gcc/arm-none-eabi/4.9.3/../../../arm-none-eabi/lib/armv7-m/libc.a(lib_a-strlen.o)
                              obj_zoul/sensors.o (strlen)
/usr/lib/gcc/arm-none-eabi/4.9.3/../../../arm-none-eabi/lib/armv7-m/libc.a(lib_a-strncasecmp.o)
                              obj_zoul/resolv.o (strncasecmp)
/usr/lib/gcc/arm-none-eabi/4.9.3/../../../arm-none-eabi/lib/armv7-m/libc.a(lib_a-strncat.o)
                              obj_zoul/resolv.o (strncat)
/usr/lib/gcc/arm-none-eabi/4.9.3/../../../arm-none-eabi/lib/armv7-m/libc.a(lib_a-strncmp.o)
                              obj_zoul/sensors.o (strncmp)
/usr/lib/gcc/arm-none-eabi/4.9.3/../../../arm-none-eabi/lib/armv7-m/libc.a(lib_a-strncpy.o)
                              obj_zoul/cfs-coffee.o (strncpy)
/usr/lib/gcc/arm-none-eabi/4.9.3/../../../arm-none-eabi/lib/armv7-m/libc.a(lib_a-freer.o)
                              /usr/lib/gcc/arm-none-eabi/4.9.3/../../../arm-none-eabi/lib/armv7-m/libc.a(lib_a-reent.o) (_free_r)
/usr/lib/gcc/arm-none-eabi/4.9.3/../../../arm-none-eabi/lib/armv7-m/libc.a(lib_a-impure.o)
                              /usr/lib/gcc/arm-none-eabi/4.9.3/../../../arm-none-eabi/lib/armv7-m/libc.a(lib_a-reent.o) (_impure_ptr)
/usr/lib/gcc/arm-none-eabi/4.9.3/../../../arm-none-eabi/lib/armv7-m/libc.a(lib_a-mallocr.o)
                              /usr/lib/gcc/arm-none-eabi/4.9.3/../../../arm-none-eabi/lib/armv7-m/libc.a(lib_a-freer.o) (__malloc_current_mallinfo)
/usr/lib/gcc/arm-none-eabi/4.9.3/../../../arm-none-eabi/lib/armv7-m/libc.a(lib_a-mlock.o)
                              /usr/lib/gcc/arm-none-eabi/4.9.3/../../../arm-none-eabi/lib/armv7-m/libc.a(lib_a-freer.o) (__malloc_lock)
/usr/lib/gcc/arm-none-eabi/4.9.3/../../../arm-none-eabi/lib/armv7-m/libc.a(lib_a-sbrkr.o)
                              /usr/lib/gcc/arm-none-eabi/4.9.3/../../../arm-none-eabi/lib/armv7-m/libc.a(lib_a-freer.o) (_sbrk_r)

Allocating common symbols
Common symbol       size              file

compower_idle_activity
                    0x8               obj_zoul/compower.o
uip_ds6_timer_ra    0x8               obj_zoul/uip-ds6.o
rtcc_int1_callback  0x4               obj_zoul/rtcc.o
usb_setup_buffer    0x8               obj_zoul/usb-core.o
uip_ds6_if          0xf8              obj_zoul/uip-ds6.o
resolv_event_found  0x1               obj_zoul/resolv.o
uip_ds6_netif_addr_list_offset
                    0x1               obj_zoul/uip-ds6.o
uip_len             0x2               obj_zoul/uip6.o
errno               0x4               /usr/lib/gcc/arm-none-eabi/4.9.3/../../../arm-none-eabi/lib/armv7-m/libc.a(lib_a-reent.o)
[...]
Memory Configuration

Name             Origin             Length             Attributes
FLASH_FW         0x0000000000202000 0x000000000007dfd4 xr
FLASH_CCA        0x000000000027ffd4 0x000000000000002c xr
NRSRAM           0x0000000020000000 0x0000000000004000 xrw
FRSRAM           0x0000000020004000 0x0000000000004000 xrw
*default*        0x0000000000000000 0xffffffffffffffff

Linker script and memory map

LOAD obj_zoul/startup-gcc.o
LOAD obj_zoul/contiki-main.o
LOAD obj_zoul/leds.o
LOAD obj_zoul/leds-arch.o
LOAD obj_zoul/cc1200-zoul-arch.o
LOAD obj_zoul/adc-zoul.o
LOAD obj_zoul/button-sensor.o
LOAD obj_zoul/zoul-sensors.o
LOAD obj_zoul/board.o
LOAD obj_zoul/antenna-sw.o
LOAD obj_zoul/rtcc.o
LOAD obj_zoul/power-mgmt.o
LOAD obj_zoul/soc.o
LOAD obj_zoul/clock.o
LOAD obj_zoul/rtimer-arch.o
LOAD obj_zoul/uart.o
LOAD obj_zoul/watchdog.o
LOAD obj_zoul/nvic.o
LOAD obj_zoul/cpu.o
LOAD obj_zoul/sys-ctrl.o
LOAD obj_zoul/gpio.o
LOAD obj_zoul/ioc.o
LOAD obj_zoul/spi.o
LOAD obj_zoul/adc.o
LOAD obj_zoul/crypto.o
LOAD obj_zoul/aes.o
LOAD obj_zoul/ecb.o
LOAD obj_zoul/cbc.o
LOAD obj_zoul/ctr.o
LOAD obj_zoul/cbc-mac.o
LOAD obj_zoul/gcm.o
LOAD obj_zoul/ccm.o
LOAD obj_zoul/sha256.o
LOAD obj_zoul/cc2538-aes-128.o
LOAD obj_zoul/cc2538-ccm-star.o
LOAD obj_zoul/cc2538-rf.o
LOAD obj_zoul/udma.o
LOAD obj_zoul/lpm.o
LOAD obj_zoul/pka.o
LOAD obj_zoul/bignum-driver.o
LOAD obj_zoul/ecc-driver.o
LOAD obj_zoul/ecc-algorithm.o
LOAD obj_zoul/ecc-curve.o
LOAD obj_zoul/dbg.o
LOAD obj_zoul/ieee-addr.o
LOAD obj_zoul/slip-arch.o
LOAD obj_zoul/slip.o
LOAD obj_zoul/i2c.o
LOAD obj_zoul/cc2538-temp-sensor.o
LOAD obj_zoul/vdd3-sensor.o
LOAD obj_zoul/cfs-coffee.o
LOAD obj_zoul/cfs-coffee-arch.o
LOAD obj_zoul/pwm.o
LOAD obj_zoul/dbg-printf.o
LOAD obj_zoul/dbg-snprintf.o
LOAD obj_zoul/dbg-sprintf.o
LOAD obj_zoul/strformat.o
LOAD obj_zoul/usb-core.o
LOAD obj_zoul/cdc-acm.o
LOAD obj_zoul/usb-arch.o
LOAD obj_zoul/usb-serial.o
LOAD obj_zoul/cdc-acm-descriptors.o
LOAD obj_zoul/ctimer.o
LOAD obj_zoul/autostart.o
LOAD obj_zoul/energest.o
LOAD obj_zoul/arg.o
LOAD obj_zoul/stimer.o
LOAD obj_zoul/etimer.o
LOAD obj_zoul/compower.o
LOAD obj_zoul/process.o
LOAD obj_zoul/rtimer.o
LOAD obj_zoul/mt.o
LOAD obj_zoul/procinit.o
LOAD obj_zoul/timer.o
LOAD obj_zoul/serial-line.o
LOAD obj_zoul/nullradio.o
LOAD obj_zoul/settings.o
LOAD obj_zoul/crc16.o
LOAD obj_zoul/mmem.o
LOAD obj_zoul/sensors.o
LOAD obj_zoul/ifft.o
LOAD obj_zoul/me_tabs.o
LOAD obj_zoul/ccm-star.o
LOAD obj_zoul/ringbufindex.o
LOAD obj_zoul/list.o
LOAD obj_zoul/gcr.o
LOAD obj_zoul/aes-128.o
LOAD obj_zoul/trickle-timer.o
LOAD obj_zoul/print-stats.o
LOAD obj_zoul/memb.o
LOAD obj_zoul/me.o
LOAD obj_zoul/petsciiconv.o
LOAD obj_zoul/random.o
LOAD obj_zoul/assert.o
LOAD obj_zoul/ringbuf.o
LOAD obj_zoul/uip-icmp6.o
LOAD obj_zoul/uip-ds6.o
LOAD obj_zoul/uip-ds6-route.o
LOAD obj_zoul/uip6.o
LOAD obj_zoul/uip-ds6-nbr.o
LOAD obj_zoul/uip-nd6.o
LOAD obj_zoul/sicslowpan.o
LOAD obj_zoul/slipdev.o
LOAD obj_zoul/dhcpc.o
LOAD obj_zoul/uip-packetqueue.o
LOAD obj_zoul/tcp-socket.o
LOAD obj_zoul/uiplib.o
LOAD obj_zoul/ip64-addr.o
LOAD obj_zoul/uip-udp-packet.o
LOAD obj_zoul/psock.o
LOAD obj_zoul/tcpip.o
LOAD obj_zoul/resolv.o
LOAD obj_zoul/uip-nameserver.o
LOAD obj_zoul/uip-split.o
LOAD obj_zoul/udp-socket.o
LOAD obj_zoul/simple-udp.o
LOAD obj_zoul/uip-debug.o
LOAD obj_zoul/rpl-nbr-policy.o
LOAD obj_zoul/rpl-of0.o
LOAD obj_zoul/rpl-dag.o
LOAD obj_zoul/rpl-timers.o
LOAD obj_zoul/rpl-ext-header.o
LOAD obj_zoul/rpl.o
LOAD obj_zoul/rpl-mrhof.o
LOAD obj_zoul/rpl-ns.o
LOAD obj_zoul/rpl-icmp6.o
LOAD obj_zoul/rpl-dag-root.o
LOAD obj_zoul/syscalls.o
LOAD obj_zoul/queuebuf.o
LOAD obj_zoul/nbr-table.o
LOAD obj_zoul/packetbuf.o
LOAD obj_zoul/netstack.o
LOAD obj_zoul/linkaddr.o
LOAD obj_zoul/net-debug.o
LOAD obj_zoul/link-stats.o
LOAD obj_zoul/nullmac.o
LOAD obj_zoul/nullrdc-noframer.o
LOAD obj_zoul/nordc.o
LOAD obj_zoul/frame802154e-ie.o
LOAD obj_zoul/mac-sequence.o
LOAD obj_zoul/framer-802154.o
LOAD obj_zoul/frame802154.o
LOAD obj_zoul/mac.o
LOAD obj_zoul/csma.o
LOAD obj_zoul/framer-nullmac.o
LOAD obj_zoul/phase.o
LOAD obj_zoul/nullrdc.o
LOAD obj_zoul/contikimac.o
LOAD obj_zoul/contikimac-framer.o
LOAD obj_zoul/nullsec.o
LOAD obj_zoul/anti-replay.o
LOAD obj_zoul/ccm-star-packetbuf.o
LOAD obj_zoul/noncoresec.o
LOAD obj_zoul/cc1200.o
LOAD obj_zoul/cc1200-802154g-863-870-fsk-50kbps.o
LOAD border-router.co
LOAD obj_zoul/slip-bridge.o
LOAD obj_zoul/httpd-simple.o
START GROUP
LOAD /usr/lib/gcc/arm-none-eabi/4.9.3/armv7-m/libgcc.a
LOAD /usr/lib/gcc/arm-none-eabi/4.9.3/../../../arm-none-eabi/lib/armv7-m/libc.a
END GROUP

.text           0x0000000000202000     0xb80f
                0x0000000000202000                _text = .
 *(SORT(.vectors))
 .vectors       0x0000000000202000      0x28c obj_zoul/startup-gcc.o
                0x0000000000202000                vectors
 *(SORT(.text*))
 .text.reset_handler
                0x000000000020228c       0x40 obj_zoul/startup-gcc.o
                0x000000000020228c                reset_handler
 .text.startup.main
                0x00000000002022cc      0x1b4 obj_zoul/contiki-main.o
                0x00000000002022cc                main
 .text.leds_init
                0x0000000000202480       0x14 obj_zoul/leds.o
                0x0000000000202480                leds_init
 .text.leds_on  0x0000000000202494       0x10 obj_zoul/leds.o
                0x0000000000202494                leds_on
 .text.leds_off
                0x00000000002024a4       0x14 obj_zoul/leds.o
                0x00000000002024a4                leds_off
 .text.leds_arch_init
                0x00000000002024b8       0x10 obj_zoul/leds-arch.o
                0x00000000002024b8                leds_arch_init
 .text.leds_arch_set
                0x00000000002024c8        0xc obj_zoul/leds-arch.o
                0x00000000002024c8                leds_arch_set
 .text.value    0x00000000002024d4       0x20 obj_zoul/button-sensor.o
 .text.duration_exceeded_callback
                0x00000000002024f4       0x3c obj_zoul/button-sensor.o
 .text.config_user
                0x0000000000202530       0xa0 obj_zoul/button-sensor.o
 .text.btn_callback
                0x00000000002025d0       0x5c obj_zoul/button-sensor.o
 .text.antenna_sw_config
                0x000000000020262c       0x30 obj_zoul/antenna-sw.o
                0x000000000020262c                antenna_sw_config
 .text.soc_get_rev
                0x000000000020265c       0x18 obj_zoul/soc.o
                0x000000000020265c                soc_get_rev
 .text.soc_get_sram_size
                0x0000000000202674       0x1c obj_zoul/soc.o
                0x0000000000202674                soc_get_sram_size
 .text.soc_print_info
                0x0000000000202690       0x70 obj_zoul/soc.o
                0x0000000000202690                soc_print_info
 .text.update_ticks
                0x0000000000202700       0x4c obj_zoul/clock.o
 .text.clock_init
                0x000000000020274c       0x50 obj_zoul/clock.o
                0x000000000020274c                clock_init
 .text.clock_time
                0x000000000020279c       0x14 obj_zoul/clock.o
                0x000000000020279c                clock_time
 .text.clock_seconds
                0x00000000002027b0       0x14 obj_zoul/clock.o
                0x00000000002027b0                clock_seconds
 .text.clock_delay_usec
                0x00000000002027c4       0x1c obj_zoul/clock.o
                0x00000000002027c4                clock_delay_usec
 .text.clock_adjust
                0x00000000002027e0       0x20 obj_zoul/clock.o
                0x00000000002027e0                clock_adjust
 .text.rtimer_arch_next_trigger
                0x0000000000202800        0xc obj_zoul/rtimer-arch.o
                0x0000000000202800                rtimer_arch_next_trigger
 .text.rtimer_arch_now
                0x000000000020280c       0x2c obj_zoul/rtimer-arch.o
                0x000000000020280c                rtimer_arch_now
 .text.rtimer_arch_schedule
                0x0000000000202838       0x58 obj_zoul/rtimer-arch.o
                0x0000000000202838                rtimer_arch_schedule
 .text.rtimer_isr
                0x0000000000202890       0x24 obj_zoul/rtimer-arch.o
                0x0000000000202890                rtimer_isr
 .text.permit_pm1
                0x00000000002028b4       0x2c obj_zoul/uart.o
 .text.uart_isr
                0x00000000002028e0       0x64 obj_zoul/uart.o
 .text.uart_init
                0x0000000000202944      0x1ac obj_zoul/uart.o
                0x0000000000202944                uart_init
 .text.uart_set_input
                0x0000000000202af0       0x10 obj_zoul/uart.o
                0x0000000000202af0                uart_set_input
 .text.uart_write_byte
                0x0000000000202b00       0x1c obj_zoul/uart.o
                0x0000000000202b00                uart_write_byte
 .text.watchdog_init
                0x0000000000202b1c        0xc obj_zoul/watchdog.o
                0x0000000000202b1c                watchdog_init
 .text.watchdog_start
                0x0000000000202b28        0xc obj_zoul/watchdog.o
                0x0000000000202b28                watchdog_start
 .text.watchdog_periodic
                0x0000000000202b34       0x10 obj_zoul/watchdog.o
                0x0000000000202b34                watchdog_periodic
 .text.nvic_init
                0x0000000000202b44       0x3c obj_zoul/nvic.o
                0x0000000000202b44                nvic_init
 .text.nvic_interrupt_enable
                0x0000000000202b80       0x18 obj_zoul/nvic.o
                0x0000000000202b80                nvic_interrupt_enable
 .text.nvic_interrupt_disable
                0x0000000000202b98       0x18 obj_zoul/nvic.o
                0x0000000000202b98                nvic_interrupt_disable
 .text.nvic_interrupt_unpend
                0x0000000000202bb0       0x18 obj_zoul/nvic.o
                0x0000000000202bb0                nvic_interrupt_unpend
 .text.sys_ctrl_get_reset_cause
                0x0000000000202bc8       0x10 obj_zoul/sys-ctrl.o
                0x0000000000202bc8                sys_ctrl_get_reset_cause
 .text.sys_ctrl_get_reset_cause_str
                0x0000000000202bd8       0x14 obj_zoul/sys-ctrl.o
                0x0000000000202bd8                sys_ctrl_get_reset_cause_str
 .text.sys_ctrl_init
                0x0000000000202bec       0x28 obj_zoul/sys-ctrl.o
                0x0000000000202bec                sys_ctrl_init
 .text.sys_ctrl_get_sys_clock
                0x0000000000202c14       0x18 obj_zoul/sys-ctrl.o
                0x0000000000202c14                sys_ctrl_get_sys_clock
 .text.sys_ctrl_get_io_clock
                0x0000000000202c2c       0x18 obj_zoul/sys-ctrl.o
                0x0000000000202c2c                sys_ctrl_get_io_clock
 .text.gpio_register_callback
                0x0000000000202c44       0x10 obj_zoul/gpio.o
                0x0000000000202c44                gpio_register_callback
 .text.notify   0x0000000000202c54       0x30 obj_zoul/gpio.o
                0x0000000000202c54                notify
 .text.gpio_port_isr
                0x0000000000202c84       0x50 obj_zoul/gpio.o
 .text.gpio_init
                0x0000000000202cd4       0x10 obj_zoul/gpio.o
                0x0000000000202cd4                gpio_init
 .text.ioc_init
                0x0000000000202ce4       0x1c obj_zoul/ioc.o
                0x0000000000202ce4                ioc_init
 .text.ioc_set_over
                0x0000000000202d00       0x14 obj_zoul/ioc.o
                0x0000000000202d00                ioc_set_over
 .text.ioc_set_sel
                0x0000000000202d14       0x14 obj_zoul/ioc.o
                0x0000000000202d14                ioc_set_sel
 .text.adc_get  0x0000000000202d28       0x78 obj_zoul/adc.o
                0x0000000000202d28                adc_get
 .text.permit_pm1
                0x0000000000202da0       0x10 obj_zoul/crypto.o
 .text.crypto_isr
                0x0000000000202db0       0x24 obj_zoul/crypto.o
                0x0000000000202db0                crypto_isr
 .text.crypto_enable
                0x0000000000202dd4       0x20 obj_zoul/crypto.o
                0x0000000000202dd4                crypto_enable
 .text.crypto_init
                0x0000000000202df4       0x3c obj_zoul/crypto.o
                0x0000000000202df4                crypto_init
 .text.crypto_disable
                0x0000000000202e30       0x20 obj_zoul/crypto.o
                0x0000000000202e30                crypto_disable
 .text.on       0x0000000000202e50       0x2c obj_zoul/cc2538-rf.o
 .text.off      0x0000000000202e7c       0x40 obj_zoul/cc2538-rf.o
 .text.set_channel
                0x0000000000202ebc       0x48 obj_zoul/cc2538-rf.o
 .text.channel_clear
                0x0000000000202f04       0x3c obj_zoul/cc2538-rf.o
 .text.receiving_packet
                0x0000000000202f40       0x18 obj_zoul/cc2538-rf.o
 .text.pending_packet
                0x0000000000202f58       0x10 obj_zoul/cc2538-rf.o
 .text.get_value
                0x0000000000202f68      0x164 obj_zoul/cc2538-rf.o
 .text.prepare  0x00000000002030cc       0x64 obj_zoul/cc2538-rf.o
 .text.transmit
                0x0000000000203130       0x98 obj_zoul/cc2538-rf.o
 .text.set_frame_filtering
                0x00000000002031c8       0x18 obj_zoul/cc2538-rf.o
 .text.set_object
                0x00000000002031e0       0x30 obj_zoul/cc2538-rf.o
 .text.read     0x0000000000203210       0xf4 obj_zoul/cc2538-rf.o
 .text.cc2538_rf_rx_tx_isr
                0x0000000000203304       0x24 obj_zoul/cc2538-rf.o
                0x0000000000203304                cc2538_rf_rx_tx_isr
 .text.cc2538_rf_err_isr
                0x0000000000203328       0x28 obj_zoul/cc2538-rf.o
                0x0000000000203328                cc2538_rf_err_isr
 .text.get_sfd_timestamp
                0x0000000000203350       0xf4 obj_zoul/cc2538-rf.o
                0x0000000000203350                get_sfd_timestamp
 .text.get_object
                0x0000000000203444       0x48 obj_zoul/cc2538-rf.o
 .text.mac_timer_init
                0x000000000020348c       0x54 obj_zoul/cc2538-rf.o
                0x000000000020348c                mac_timer_init
 .text.set_poll_mode
                0x00000000002034e0       0x48 obj_zoul/cc2538-rf.o
 .text.init     0x0000000000203528       0xc4 obj_zoul/cc2538-rf.o
 .text.process_thread_cc2538_rf_process
                0x00000000002035ec       0x90 obj_zoul/cc2538-rf.o
 .text.set_value
                0x000000000020367c       0xe8 obj_zoul/cc2538-rf.o
 .text.udma_init
                0x0000000000203764       0x30 obj_zoul/udma.o
                0x0000000000203764                udma_init
 .text.udma_set_channel_src
                0x0000000000203794       0x10 obj_zoul/udma.o
                0x0000000000203794                udma_set_channel_src
 .text.udma_set_channel_dst
                0x00000000002037a4       0x14 obj_zoul/udma.o
                0x00000000002037a4                udma_set_channel_dst
 .text.udma_set_channel_control_word
                0x00000000002037b8       0x14 obj_zoul/udma.o
                0x00000000002037b8                udma_set_channel_control_word
 .text.udma_channel_enable
                0x00000000002037cc       0x18 obj_zoul/udma.o
                0x00000000002037cc                udma_channel_enable
 .text.udma_channel_mask_set
                0x00000000002037e4       0x18 obj_zoul/udma.o
                0x00000000002037e4                udma_channel_mask_set
 .text.udma_channel_sw_request
                0x00000000002037fc       0x18 obj_zoul/udma.o
                0x00000000002037fc                udma_channel_sw_request
 .text.udma_channel_get_mode
                0x0000000000203814       0x1c obj_zoul/udma.o
                0x0000000000203814                udma_channel_get_mode
 .text.udma_isr
                0x0000000000203830       0x10 obj_zoul/udma.o
                0x0000000000203830                udma_isr
 .text.udma_err_isr
                0x0000000000203840        0xc obj_zoul/udma.o
                0x0000000000203840                udma_err_isr
 .text.select_32_mhz_xosc
                0x000000000020384c       0x2c obj_zoul/lpm.o
 .text.lpm_exit
                0x0000000000203878       0x34 obj_zoul/lpm.o
                0x0000000000203878                lpm_exit
 .text.lpm_enter
                0x00000000002038ac       0xb0 obj_zoul/lpm.o
                0x00000000002038ac                lpm_enter
 .text.lpm_register_peripheral
                0x000000000020395c       0x20 obj_zoul/lpm.o
                0x000000000020395c                lpm_register_peripheral
 .text.lpm_init
                0x000000000020397c       0x24 obj_zoul/lpm.o
                0x000000000020397c                lpm_init
 .text.pka_isr  0x00000000002039a0       0x24 obj_zoul/pka.o
                0x00000000002039a0                pka_isr
 .text.putchar  0x00000000002039c4       0x40 obj_zoul/dbg.o
                0x00000000002039c4                putchar
 .text.ieee_addr_cpy_to
                0x0000000000203a04       0x74 obj_zoul/ieee-addr.o
                0x0000000000203a04                ieee_addr_cpy_to
 .text.slip_arch_init
                0x0000000000203a78        0xc obj_zoul/slip-arch.o
                0x0000000000203a78                slip_arch_init
 .text.process_thread_slip_process
                0x0000000000203a84      0x174 obj_zoul/slip.o
 .text.slip_set_input_callback
                0x0000000000203bf8        0xc obj_zoul/slip.o
                0x0000000000203bf8                slip_set_input_callback
 .text.slip_send
                0x0000000000203c04       0x5c obj_zoul/slip.o
                0x0000000000203c04                slip_send
 .text.slip_input_byte
                0x0000000000203c60       0xbc obj_zoul/slip.o
                0x0000000000203c60                slip_input_byte
 .text.printf   0x0000000000203d1c       0x20 obj_zoul/dbg-printf.o
                0x0000000000203d1c                printf
 .text.vsnprintf
                0x0000000000203d3c       0x28 obj_zoul/dbg-snprintf.o
                0x0000000000203d3c                vsnprintf
 .text.fill_space
                0x0000000000203d64       0x34 obj_zoul/strformat.o
 .text.format_str_v
                0x0000000000203d98      0x6e8 obj_zoul/strformat.o
                0x0000000000203d98                format_str_v
 .text.process_thread_ctimer_process
                0x0000000000204480       0x80 obj_zoul/ctimer.o
 .text.ctimer_init
                0x0000000000204500       0x28 obj_zoul/ctimer.o
                0x0000000000204500                ctimer_init
 .text.ctimer_set_with_process
                0x0000000000204528       0x44 obj_zoul/ctimer.o
                0x0000000000204528                ctimer_set_with_process
 .text.ctimer_set
                0x000000000020456c       0x14 obj_zoul/ctimer.o
                0x000000000020456c                ctimer_set
 .text.ctimer_reset
                0x0000000000204580       0x38 obj_zoul/ctimer.o
                0x0000000000204580                ctimer_reset
 .text.ctimer_restart
                0x00000000002045b8       0x38 obj_zoul/ctimer.o
                0x00000000002045b8                ctimer_restart
 .text.ctimer_stop
                0x00000000002045f0       0x2c obj_zoul/ctimer.o
                0x00000000002045f0                ctimer_stop
 .text.stimer_expired
                0x000000000020461c       0x20 obj_zoul/stimer.o
                0x000000000020461c                stimer_expired
 .text.update_time
                0x000000000020463c       0x44 obj_zoul/etimer.o
 .text.etimer_request_poll
                0x0000000000204680        0xc obj_zoul/etimer.o
                0x0000000000204680                etimer_request_poll
 .text.process_thread_etimer_process
                0x000000000020468c       0x94 obj_zoul/etimer.o
 .text.add_timer
                0x0000000000204720       0x40 obj_zoul/etimer.o
 .text.etimer_pending
                0x0000000000204760       0x10 obj_zoul/etimer.o
                0x0000000000204760                etimer_pending
 .text.etimer_stop
                0x0000000000204770       0x34 obj_zoul/etimer.o
                0x0000000000204770                etimer_stop
 .text.call_process.part.0
                0x00000000002047a4       0x38 obj_zoul/process.o
 .text.exit_process
                0x00000000002047dc       0x80 obj_zoul/process.o
 .text.do_poll  0x000000000020485c       0x30 obj_zoul/process.o
 .text.process_alloc_event
                0x000000000020488c       0x10 obj_zoul/process.o
                0x000000000020488c                process_alloc_event
 .text.process_init
                0x000000000020489c       0x30 obj_zoul/process.o
                0x000000000020489c                process_init
 .text.process_run
                0x00000000002048cc       0x84 obj_zoul/process.o
                0x00000000002048cc                process_run
 .text.process_nevents
                0x0000000000204950       0x14 obj_zoul/process.o
                0x0000000000204950                process_nevents
 .text.process_post
                0x0000000000204964       0x3c obj_zoul/process.o
                0x0000000000204964                process_post
 .text.process_post_synch
                0x00000000002049a0       0x14 obj_zoul/process.o
                0x00000000002049a0                process_post_synch
 .text.process_start
                0x00000000002049b4       0x30 obj_zoul/process.o
                0x00000000002049b4                process_start
 .text.process_poll
                0x00000000002049e4       0x18 obj_zoul/process.o
                0x00000000002049e4                process_poll
 .text.rtimer_run_next
                0x00000000002049fc       0x28 obj_zoul/rtimer.o
                0x00000000002049fc                rtimer_run_next
 .text.process_thread_serial_line_process
                0x0000000000204a24       0x98 obj_zoul/serial-line.o
 .text.serial_line_input_byte
                0x0000000000204abc       0x44 obj_zoul/serial-line.o
                0x0000000000204abc                serial_line_input_byte
 .text.serial_line_init
                0x0000000000204b00       0x24 obj_zoul/serial-line.o
                0x0000000000204b00                serial_line_init
 .text.process_thread_sensors_process
                0x0000000000204b24       0xd4 obj_zoul/sensors.o
 .text.sensors_changed
                0x0000000000204bf8       0x38 obj_zoul/sensors.o
                0x0000000000204bf8                sensors_changed
 .text.random_rand
                0x0000000000204c30       0x20 obj_zoul/random.o
                0x0000000000204c30                random_rand
 .text.random_init
                0x0000000000204c50       0x78 obj_zoul/random.o
                0x0000000000204c50                random_init
 .text.echo_reply_input
                0x0000000000204cc8       0x94 obj_zoul/uip-icmp6.o
 .text.echo_request_input
                0x0000000000204d5c       0xcc obj_zoul/uip-icmp6.o
 .text.uip_icmp6_input
                0x0000000000204e28       0x38 obj_zoul/uip-icmp6.o
                0x0000000000204e28                uip_icmp6_input
 .text.uip_icmp6_register_input_handler
                0x0000000000204e60        0xc obj_zoul/uip-icmp6.o
                0x0000000000204e60                uip_icmp6_register_input_handler
 .text.uip_icmp6_error_output
                0x0000000000204e6c      0x14c obj_zoul/uip-icmp6.o
                0x0000000000204e6c                uip_icmp6_error_output
 .text.uip_icmp6_send
                0x0000000000204fb8       0x90 obj_zoul/uip-icmp6.o
                0x0000000000204fb8                uip_icmp6_send
 .text.uip_icmp6_init
                0x0000000000205048       0x1c obj_zoul/uip-icmp6.o
                0x0000000000205048                uip_icmp6_init
 .text.uip_ds6_prefix_add
                0x0000000000205064       0x64 obj_zoul/uip-ds6.o
                0x0000000000205064                uip_ds6_prefix_add
 .text.uip_ds6_is_addr_onlink
                0x00000000002050c8       0x40 obj_zoul/uip-ds6.o
                0x00000000002050c8                uip_ds6_is_addr_onlink
 .text.uip_ds6_addr_lookup
                0x0000000000205108       0x2c obj_zoul/uip-ds6.o
                0x0000000000205108                uip_ds6_addr_lookup
 .text.uip_ds6_get_link_local
                0x0000000000205134       0x40 obj_zoul/uip-ds6.o
                0x0000000000205134                uip_ds6_get_link_local
 .text.uip_ds6_maddr_add
                0x0000000000205174       0x4c obj_zoul/uip-ds6.o
                0x0000000000205174                uip_ds6_maddr_add
 .text.uip_ds6_addr_add
                0x00000000002051c0       0x94 obj_zoul/uip-ds6.o
                0x00000000002051c0                uip_ds6_addr_add
 .text.uip_ds6_maddr_lookup
                0x0000000000205254       0x2c obj_zoul/uip-ds6.o
                0x0000000000205254                uip_ds6_maddr_lookup
 .text.uip_ds6_addr_rm
                0x0000000000205280       0x44 obj_zoul/uip-ds6.o
                0x0000000000205280                uip_ds6_addr_rm
 .text.uip_ds6_periodic
                0x00000000002052c4       0x4c obj_zoul/uip-ds6.o
                0x00000000002052c4                uip_ds6_periodic
 .text.uip_ds6_select_src
                0x0000000000205310       0x94 obj_zoul/uip-ds6.o
                0x0000000000205310                uip_ds6_select_src
 .text.uip_ds6_compute_reachable_time
                0x00000000002053a4       0x28 obj_zoul/uip-ds6.o
                0x00000000002053a4                uip_ds6_compute_reachable_time
 .text.uip_ds6_init
                0x00000000002053cc       0xe0 obj_zoul/uip-ds6.o
                0x00000000002053cc                uip_ds6_init
 .text.call_route_callback
                0x00000000002054ac       0x48 obj_zoul/uip-ds6-route.o
 .text.uip_ds6_route_init
                0x00000000002054f4       0x4c obj_zoul/uip-ds6-route.o
                0x00000000002054f4                uip_ds6_route_init
 .text.uip_ds6_route_nexthop
                0x0000000000205540       0x20 obj_zoul/uip-ds6-route.o
                0x0000000000205540                uip_ds6_route_nexthop
 .text.uip_ds6_route_head
                0x0000000000205560        0xc obj_zoul/uip-ds6-route.o
                0x0000000000205560                uip_ds6_route_head
 .text.uip_ds6_route_is_nexthop
                0x000000000020556c       0x20 obj_zoul/uip-ds6-route.o
                0x000000000020556c                uip_ds6_route_is_nexthop
 .text.uip_ds6_route_lookup
                0x000000000020558c       0x64 obj_zoul/uip-ds6-route.o
                0x000000000020558c                uip_ds6_route_lookup
 .text.uip_ds6_route_rm
                0x00000000002055f0       0x9c obj_zoul/uip-ds6-route.o
                0x00000000002055f0                uip_ds6_route_rm
 .text.rm_routelist
                0x000000000020568c       0x30 obj_zoul/uip-ds6-route.o
 .text.uip_ds6_route_add
                0x00000000002056bc      0x108 obj_zoul/uip-ds6-route.o
                0x00000000002056bc                uip_ds6_route_add
 .text.uip_ds6_defrt_rm
                0x00000000002057c4       0x44 obj_zoul/uip-ds6-route.o
                0x00000000002057c4                uip_ds6_defrt_rm
 .text.uip_ds6_defrt_lookup
                0x0000000000205808       0x2c obj_zoul/uip-ds6-route.o
                0x0000000000205808                uip_ds6_defrt_lookup
 .text.uip_ds6_defrt_add
                0x0000000000205834       0x64 obj_zoul/uip-ds6-route.o
                0x0000000000205834                uip_ds6_defrt_add
 .text.uip_ds6_defrt_choose
                0x0000000000205898       0x30 obj_zoul/uip-ds6-route.o
                0x0000000000205898                uip_ds6_defrt_choose
 .text.uip_ds6_defrt_periodic
                0x00000000002058c8       0x30 obj_zoul/uip-ds6-route.o
                0x00000000002058c8                uip_ds6_defrt_periodic
 .text.upper_layer_chksum
                0x00000000002058f8       0x54 obj_zoul/uip6.o
 .text.ext_hdr_options_process
                0x000000000020594c       0xb0 obj_zoul/uip6.o
 .text.uip_add32
                0x00000000002059fc       0x54 obj_zoul/uip6.o
                0x00000000002059fc                uip_add32
 .text.unlikely.uip_add_rcv_nxt
                0x0000000000205a50       0x2c obj_zoul/uip6.o
 .text.uip_init
                0x0000000000205a7c       0x5c obj_zoul/uip6.o
                0x0000000000205a7c                uip_init
 .text.remove_ext_hdr
                0x0000000000205ad8       0x5c obj_zoul/uip6.o
                0x0000000000205ad8                remove_ext_hdr
 .text.uip_unlisten
                0x0000000000205b34       0x20 obj_zoul/uip6.o
                0x0000000000205b34                uip_unlisten
 .text.uip_listen
                0x0000000000205b54       0x1c obj_zoul/uip6.o
                0x0000000000205b54                uip_listen
 .text.uip_process
                0x0000000000205b70      0xd60 obj_zoul/uip6.o
                0x0000000000205b70                uip_process
 .text.uip_send
                0x00000000002068d0       0x44 obj_zoul/uip6.o
                0x00000000002068d0                uip_send
 .text.uip_ds6_nbr_rm
                0x0000000000206914       0x20 obj_zoul/uip-ds6-nbr.o
                0x0000000000206914                uip_ds6_nbr_rm
 .text.uip_ds6_neighbors_init
                0x0000000000206934       0x1c obj_zoul/uip-ds6-nbr.o
                0x0000000000206934                uip_ds6_neighbors_init
 .text.uip_ds6_nbr_add
                0x0000000000206950       0x3c obj_zoul/uip-ds6-nbr.o
                0x0000000000206950                uip_ds6_nbr_add
 .text.uip_ds6_nbr_get_ll
                0x000000000020698c       0x10 obj_zoul/uip-ds6-nbr.o
                0x000000000020698c                uip_ds6_nbr_get_ll
 .text.uip_ds6_nbr_lookup
                0x000000000020699c       0x38 obj_zoul/uip-ds6-nbr.o
                0x000000000020699c                uip_ds6_nbr_lookup
 .text.uip_ds6_nbr_ll_lookup
                0x00000000002069d4       0x10 obj_zoul/uip-ds6-nbr.o
                0x00000000002069d4                uip_ds6_nbr_ll_lookup
 .text.uip_ds6_link_neighbor_callback
                0x00000000002069e4       0x34 obj_zoul/uip-ds6-nbr.o
                0x00000000002069e4                uip_ds6_link_neighbor_callback
 .text.clear_fragments
                0x0000000000206a18       0x3c obj_zoul/sicslowpan.o
 .text.sicslowpan_init
                0x0000000000206a54       0x24 obj_zoul/sicslowpan.o
                0x0000000000206a54                sicslowpan_init
 .text.compress_addr_64
                0x0000000000206a78       0x90 obj_zoul/sicslowpan.o
 .text.set_packet_attrs
                0x0000000000206b08       0x44 obj_zoul/sicslowpan.o
 .text.addr_context_lookup_by_prefix
                0x0000000000206b4c       0x28 obj_zoul/sicslowpan.o
 .text.send_packet
                0x0000000000206b74       0x24 obj_zoul/sicslowpan.o
 .text.packet_sent
                0x0000000000206b98       0x28 obj_zoul/sicslowpan.o
 .text.store_fragment
                0x0000000000206bc0       0x58 obj_zoul/sicslowpan.o
 .text.uncompress_addr
                0x0000000000206c18       0xa4 obj_zoul/sicslowpan.o
 .text.output   0x0000000000206cbc      0x6a0 obj_zoul/sicslowpan.o
 .text.add_fragment
                0x000000000020735c      0x124 obj_zoul/sicslowpan.o
 .text.input    0x0000000000207480      0x5ac obj_zoul/sicslowpan.o
 .text.psock_send
                0x0000000000207a2c       0x98 obj_zoul/psock.o
                0x0000000000207a2c                psock_send
 .text.psock_newdata
                0x0000000000207ac4       0x28 obj_zoul/psock.o
                0x0000000000207ac4                psock_newdata
 .text.psock_readto
                0x0000000000207aec       0xa4 obj_zoul/psock.o
                0x0000000000207aec                psock_readto
 .text.start_periodic_tcp_timer
                0x0000000000207b90       0x1c obj_zoul/tcpip.o
 .text.tcpip_output
                0x0000000000207bac       0x10 obj_zoul/tcpip.o
                0x0000000000207bac                tcpip_output
 .text.tcpip_set_outputfunc
                0x0000000000207bbc        0xc obj_zoul/tcpip.o
                0x0000000000207bbc                tcpip_set_outputfunc
 .text.tcp_listen
                0x0000000000207bc8       0x28 obj_zoul/tcpip.o
                0x0000000000207bc8                tcp_listen
 .text.tcp_attach
                0x0000000000207bf0       0x10 obj_zoul/tcpip.o
                0x0000000000207bf0                tcp_attach
 .text.tcpip_icmp6_call
                0x0000000000207c00       0x28 obj_zoul/tcpip.o
                0x0000000000207c00                tcpip_icmp6_call
 .text.tcpip_input
                0x0000000000207c28       0x24 obj_zoul/tcpip.o
                0x0000000000207c28                tcpip_input
 .text.tcpip_ipv6_output
                0x0000000000207c4c       0xec obj_zoul/tcpip.o
                0x0000000000207c4c                tcpip_ipv6_output
 .text.process_thread_tcpip_process
                0x0000000000207d38      0x1b4 obj_zoul/tcpip.o
 .text.tcpip_uipcall
                0x0000000000207eec       0x68 obj_zoul/tcpip.o
                0x0000000000207eec                tcpip_uipcall
 .text.uip_debug_ipaddr_print
                0x0000000000207f54       0xa0 obj_zoul/uip-debug.o
                0x0000000000207f54                uip_debug_ipaddr_print
 .text.update_nbr
                0x0000000000207ff4      0x10c obj_zoul/rpl-nbr-policy.o
 .text.handle_periodic_timer
                0x0000000000208100       0x14 obj_zoul/rpl-nbr-policy.o
 .text.find_removable_dis
                0x0000000000208114       0x20 obj_zoul/rpl-nbr-policy.o
                0x0000000000208114                find_removable_dis
 .text.find_removable_dio
                0x0000000000208134       0x40 obj_zoul/rpl-nbr-policy.o
                0x0000000000208134                find_removable_dio
 .text.find_removable_dao
                0x0000000000208174       0x38 obj_zoul/rpl-nbr-policy.o
                0x0000000000208174                find_removable_dao
 .text.rpl_nbr_policy_find_removable
                0x00000000002081ac       0x28 obj_zoul/rpl-nbr-policy.o
                0x00000000002081ac                rpl_nbr_policy_find_removable
 .text.rpl_set_preferred_parent
                0x00000000002081d4       0x28 obj_zoul/rpl-dag.o
 .text.set_ip_from_prefix
                0x00000000002081fc       0x2c obj_zoul/rpl-dag.o
 .text.find_parent_any_dag_any_instance
                0x0000000000208228       0x1c obj_zoul/rpl-dag.o
 .text.rpl_dag_init
                0x0000000000208244       0x14 obj_zoul/rpl-dag.o
                0x0000000000208244                rpl_dag_init
 .text.rpl_get_parent
                0x0000000000208258       0x10 obj_zoul/rpl-dag.o
                0x0000000000208258                rpl_get_parent
 .text.rpl_get_parent_lladdr
                0x0000000000208268       0x10 obj_zoul/rpl-dag.o
                0x0000000000208268                rpl_get_parent_lladdr
 .text.best_parent
                0x0000000000208278       0x74 obj_zoul/rpl-dag.o
 .text.rpl_alloc_instance
                0x00000000002082ec       0x34 obj_zoul/rpl-dag.o
                0x00000000002082ec                rpl_alloc_instance
 .text.rpl_add_parent
                0x0000000000208320       0x30 obj_zoul/rpl-dag.o
                0x0000000000208320                rpl_add_parent
 .text.rpl_remove_parent
                0x0000000000208350       0x1c obj_zoul/rpl-dag.o
                0x0000000000208350                rpl_remove_parent
 .text.remove_parents.constprop.5
                0x000000000020836c       0x2c obj_zoul/rpl-dag.o
 .text.rpl_get_any_dag
                0x0000000000208398       0x18 obj_zoul/rpl-dag.o
                0x0000000000208398                rpl_get_any_dag
 .text.rpl_get_instance
                0x00000000002083b0       0x20 obj_zoul/rpl-dag.o
                0x00000000002083b0                rpl_get_instance
 .text.rpl_find_of
                0x00000000002083d0       0x14 obj_zoul/rpl-dag.o
                0x00000000002083d0                rpl_find_of
 .text.rpl_set_root
                0x00000000002083e4      0x114 obj_zoul/rpl-dag.o
                0x00000000002083e4                rpl_set_root
 .text.rpl_join_instance
                0x00000000002084f8      0x138 obj_zoul/rpl-dag.o
                0x00000000002084f8                rpl_join_instance
 .text.rpl_local_repair
                0x0000000000208630       0x70 obj_zoul/rpl-dag.o
                0x0000000000208630                rpl_local_repair
 .text.rpl_recalculate_ranks
                0x00000000002086a0       0x3c obj_zoul/rpl-dag.o
                0x00000000002086a0                rpl_recalculate_ranks
 .text.new_dio_interval
                0x00000000002086dc       0x58 obj_zoul/rpl-timers.o
 .text.handle_periodic_timer
                0x0000000000208734       0x4c obj_zoul/rpl-timers.o
 .text.set_dao_lifetime_timer
                0x0000000000208780       0x4c obj_zoul/rpl-timers.o
 .text.handle_dio_timer
                0x00000000002087cc       0x80 obj_zoul/rpl-timers.o
 .text.schedule_dao
                0x000000000020884c       0x54 obj_zoul/rpl-timers.o
 .text.handle_dao_timer
                0x00000000002088a0       0x58 obj_zoul/rpl-timers.o
 .text.rpl_reset_periodic_timer
                0x00000000002088f8       0x34 obj_zoul/rpl-timers.o
                0x00000000002088f8                rpl_reset_periodic_timer
 .text.rpl_schedule_unicast_dio_immediately
                0x000000000020892c       0x14 obj_zoul/rpl-timers.o
                0x000000000020892c                rpl_schedule_unicast_dio_immediately
 .text.get_probing_target
                0x0000000000208940       0xd4 obj_zoul/rpl-timers.o
                0x0000000000208940                get_probing_target
 .text.rpl_schedule_probing
                0x0000000000208a14       0x20 obj_zoul/rpl-timers.o
                0x0000000000208a14                rpl_schedule_probing
 .text.insert_hbh_header
                0x0000000000208a34       0x94 obj_zoul/rpl-ext-header.o
 .text.rpl_verify_hbh_header
                0x0000000000208ac8      0x110 obj_zoul/rpl-ext-header.o
                0x0000000000208ac8                rpl_verify_hbh_header
 .text.rpl_finalize_header
                0x0000000000208bd8       0x80 obj_zoul/rpl-ext-header.o
                0x0000000000208bd8                rpl_finalize_header
 .text.rpl_remove_header
                0x0000000000208c58       0xb0 obj_zoul/rpl-ext-header.o
                0x0000000000208c58                rpl_remove_header
 .text.rpl_insert_header
                0x0000000000208d08       0x34 obj_zoul/rpl-ext-header.o
                0x0000000000208d08                rpl_insert_header
 .text.rpl_update_header
                0x0000000000208d3c      0x10c obj_zoul/rpl-ext-header.o
                0x0000000000208d3c                rpl_update_header
 .text.rpl_get_mode
                0x0000000000208e48        0xc obj_zoul/rpl.o
                0x0000000000208e48                rpl_get_mode
 .text.rpl_purge_routes
                0x0000000000208e54       0x64 obj_zoul/rpl.o
                0x0000000000208e54                rpl_purge_routes
 .text.rpl_link_neighbor_callback
                0x0000000000208eb8       0x54 obj_zoul/rpl.o
                0x0000000000208eb8                rpl_link_neighbor_callback
 .text.rpl_ipv6_neighbor_callback
                0x0000000000208f0c       0x28 obj_zoul/rpl.o
                0x0000000000208f0c                rpl_ipv6_neighbor_callback
 .text.rpl_purge_dags
                0x0000000000208f34       0x3c obj_zoul/rpl.o
                0x0000000000208f34                rpl_purge_dags
 .text.rpl_init
                0x0000000000208f70       0x4c obj_zoul/rpl.o
                0x0000000000208f70                rpl_init
 .text.dao_ack_input
                0x0000000000208fbc       0x14 obj_zoul/rpl-icmp6.o
 .text.dio_input
                0x0000000000208fd0      0x254 obj_zoul/rpl-icmp6.o
 .text.dao_input
                0x0000000000209224      0x270 obj_zoul/rpl-icmp6.o
 .text.dis_output
                0x0000000000209494       0x54 obj_zoul/rpl-icmp6.o
                0x0000000000209494                dis_output
 .text.dio_output
                0x00000000002094e8      0x218 obj_zoul/rpl-icmp6.o
                0x00000000002094e8                dio_output
 .text.dis_input
                0x0000000000209700       0x50 obj_zoul/rpl-icmp6.o
 .text.dao_output_target
                0x0000000000209750      0x100 obj_zoul/rpl-icmp6.o
                0x0000000000209750                dao_output_target
 .text.dao_output
                0x0000000000209850       0x90 obj_zoul/rpl-icmp6.o
                0x0000000000209850                dao_output
 .text.rpl_icmp6_register_handlers
                0x00000000002098e0       0x30 obj_zoul/rpl-icmp6.o
                0x00000000002098e0                rpl_icmp6_register_handlers
 .text.queuebuf_init
                0x0000000000209910       0x1c obj_zoul/queuebuf.o
                0x0000000000209910                queuebuf_init
 .text.queuebuf_numfree
                0x000000000020992c        0xc obj_zoul/queuebuf.o
                0x000000000020992c                queuebuf_numfree
 .text.queuebuf_new_from_packetbuf
                0x0000000000209938       0x44 obj_zoul/queuebuf.o
                0x0000000000209938                queuebuf_new_from_packetbuf
 .text.queuebuf_free
                0x000000000020997c       0x2c obj_zoul/queuebuf.o
                0x000000000020997c                queuebuf_free
 .text.queuebuf_to_packetbuf
                0x00000000002099a8       0x30 obj_zoul/queuebuf.o
                0x00000000002099a8                queuebuf_to_packetbuf
 .text.key_from_index
                0x00000000002099d8       0x18 obj_zoul/nbr-table.o
 .text.index_from_key
                0x00000000002099f0       0x20 obj_zoul/nbr-table.o
 .text.index_from_lladdr
                0x0000000000209a10       0x40 obj_zoul/nbr-table.o
 .text.nbr_get_bit.constprop.0
                0x0000000000209a50       0x30 obj_zoul/nbr-table.o
 .text.remove_key
                0x0000000000209a80       0x58 obj_zoul/nbr-table.o
 .text.nbr_table_register
                0x0000000000209ad8       0x28 obj_zoul/nbr-table.o
                0x0000000000209ad8                nbr_table_register
 .text.nbr_table_head
                0x0000000000209b00       0x34 obj_zoul/nbr-table.o
                0x0000000000209b00                nbr_table_head
 .text.nbr_table_add_lladdr
                0x0000000000209b34      0x114 obj_zoul/nbr-table.o
                0x0000000000209b34                nbr_table_add_lladdr
 .text.nbr_table_remove
                0x0000000000209c48       0x2c obj_zoul/nbr-table.o
                0x0000000000209c48                nbr_table_remove
 .text.nbr_table_lock
                0x0000000000209c74       0x14 obj_zoul/nbr-table.o
                0x0000000000209c74                nbr_table_lock
 .text.nbr_table_unlock
                0x0000000000209c88       0x14 obj_zoul/nbr-table.o
                0x0000000000209c88                nbr_table_unlock
 .text.packetbuf_hdrreduce
                0x0000000000209c9c       0x2c obj_zoul/packetbuf.o
                0x0000000000209c9c                packetbuf_hdrreduce
 .text.packetbuf_set_datalen
                0x0000000000209cc8        0xc obj_zoul/packetbuf.o
                0x0000000000209cc8                packetbuf_set_datalen
 .text.packetbuf_hdrptr
                0x0000000000209cd4        0x8 obj_zoul/packetbuf.o
                0x0000000000209cd4                packetbuf_hdrptr
 .text.packetbuf_datalen
                0x0000000000209cdc        0xc obj_zoul/packetbuf.o
                0x0000000000209cdc                packetbuf_datalen
 .text.packetbuf_hdrlen
                0x0000000000209ce8       0x18 obj_zoul/packetbuf.o
                0x0000000000209ce8                packetbuf_hdrlen
 .text.packetbuf_dataptr
                0x0000000000209d00       0x10 obj_zoul/packetbuf.o
                0x0000000000209d00                packetbuf_dataptr
 .text.packetbuf_copyto
                0x0000000000209d10       0x40 obj_zoul/packetbuf.o
                0x0000000000209d10                packetbuf_copyto
 .text.packetbuf_totlen
                0x0000000000209d50       0x14 obj_zoul/packetbuf.o
                0x0000000000209d50                packetbuf_totlen
 .text.packetbuf_hdralloc
                0x0000000000209d64       0x3c obj_zoul/packetbuf.o
                0x0000000000209d64                packetbuf_hdralloc
 .text.packetbuf_attr_clear
                0x0000000000209da0       0x34 obj_zoul/packetbuf.o
                0x0000000000209da0                packetbuf_attr_clear
 .text.packetbuf_clear
                0x0000000000209dd4       0x20 obj_zoul/packetbuf.o
                0x0000000000209dd4                packetbuf_clear
 .text.packetbuf_copyfrom
                0x0000000000209df4       0x2c obj_zoul/packetbuf.o
                0x0000000000209df4                packetbuf_copyfrom
 .text.packetbuf_attr_copyto
                0x0000000000209e20       0x34 obj_zoul/packetbuf.o
                0x0000000000209e20                packetbuf_attr_copyto
 .text.packetbuf_attr_copyfrom
                0x0000000000209e54       0x34 obj_zoul/packetbuf.o
                0x0000000000209e54                packetbuf_attr_copyfrom
 .text.packetbuf_set_attr
                0x0000000000209e88       0x10 obj_zoul/packetbuf.o
                0x0000000000209e88                packetbuf_set_attr
 .text.packetbuf_attr
                0x0000000000209e98        0xc obj_zoul/packetbuf.o
                0x0000000000209e98                packetbuf_attr
 .text.packetbuf_set_addr
                0x0000000000209ea4       0x18 obj_zoul/packetbuf.o
                0x0000000000209ea4                packetbuf_set_addr
 .text.packetbuf_addr
                0x0000000000209ebc       0x10 obj_zoul/packetbuf.o
                0x0000000000209ebc                packetbuf_addr
 .text.packetbuf_holds_broadcast
                0x0000000000209ecc       0x10 obj_zoul/packetbuf.o
                0x0000000000209ecc                packetbuf_holds_broadcast
 .text.netstack_init
                0x0000000000209edc       0x38 obj_zoul/netstack.o
                0x0000000000209edc                netstack_init
 .text.periodic
                0x0000000000209f14       0x2c obj_zoul/link-stats.o
 .text.link_stats_from_lladdr
                0x0000000000209f40        0xc obj_zoul/link-stats.o
                0x0000000000209f40                link_stats_from_lladdr
 .text.link_stats_packet_sent
                0x0000000000209f4c       0x78 obj_zoul/link-stats.o
                0x0000000000209f4c                link_stats_packet_sent
 .text.link_stats_input_callback
                0x0000000000209fc4       0x4c obj_zoul/link-stats.o
                0x0000000000209fc4                link_stats_input_callback
 .text.link_stats_init
                0x000000000020a010       0x28 obj_zoul/link-stats.o
                0x000000000020a010                link_stats_init
 .text.mac_sequence_is_duplicate
                0x000000000020a038       0x38 obj_zoul/mac-sequence.o
                0x000000000020a038                mac_sequence_is_duplicate
 .text.mac_sequence_register_seqno
                0x000000000020a070       0x64 obj_zoul/mac-sequence.o
                0x000000000020a070                mac_sequence_register_seqno
 .text.create_frame.isra.0
                0x000000000020a0d4      0x124 obj_zoul/framer-802154.o
 .text.frame802154_get_pan_id
                0x000000000020a1f8        0xc obj_zoul/frame802154.o
                0x000000000020a1f8                frame802154_get_pan_id
 .text.frame802154_parse
                0x000000000020a204      0x174 obj_zoul/frame802154.o
                0x000000000020a204                frame802154_parse
 .text.input_packet
                0x000000000020a378        0xc obj_zoul/csma.o
 .text.on       0x000000000020a384        0xc obj_zoul/csma.o
 .text.off      0x000000000020a390        0xc obj_zoul/csma.o
 .text.channel_check_interval
                0x000000000020a39c       0x10 obj_zoul/csma.o
 .text.transmit_packet_list
                0x000000000020a3ac       0x30 obj_zoul/csma.o
 .text.schedule_transmission
                0x000000000020a3dc       0x4c obj_zoul/csma.o
 .text.send_packet
                0x000000000020a428      0x138 obj_zoul/csma.o
 .text.init     0x000000000020a560       0x24 obj_zoul/csma.o
 .text.tx_done  0x000000000020a584       0x84 obj_zoul/csma.o
 .text.on       0x000000000020a608        0xc obj_zoul/nullrdc.o
 .text.send_one_packet
                0x000000000020a614      0x118 obj_zoul/nullrdc.o
 .text.off      0x000000000020a72c       0x18 obj_zoul/nullrdc.o
 .text.packet_input
                0x000000000020a744       0x54 obj_zoul/nullrdc.o
 .text.input    0x000000000020a798        0xc obj_zoul/nullsec.o
 .text.send     0x000000000020a7a4       0x20 obj_zoul/nullsec.o
 .text.process_thread_webserver_nogui_process
                0x000000000020a7c4       0x34 border-router.co
 .text.ipaddr_add
                0x000000000020a7f8       0xa0 border-router.co
 .text.generate_routes
                0x000000000020a898      0x200 border-router.co
 .text.httpd_simple_get_script
                0x000000000020aa98        0x8 border-router.co
                0x000000000020aa98                httpd_simple_get_script
 .text.request_prefix
                0x000000000020aaa0       0x2c border-router.co
                0x000000000020aaa0                request_prefix
 .text.process_thread_border_router_process
                0x000000000020aacc       0xf0 border-router.co
 .text.set_prefix_64
                0x000000000020abbc       0x68 border-router.co
                0x000000000020abbc                set_prefix_64
 .text.init     0x000000000020ac24       0x24 obj_zoul/slip-bridge.o
 .text.slip_input_callback
                0x000000000020ac48       0xe8 obj_zoul/slip-bridge.o
 .text.output   0x000000000020ad30       0x4c obj_zoul/slip-bridge.o
 .text.handle_input
                0x000000000020ad7c       0xc8 obj_zoul/httpd-simple.o
 .text.send_headers
                0x000000000020ae44       0x50 obj_zoul/httpd-simple.o
 .text.handle_output
                0x000000000020ae94       0xcc obj_zoul/httpd-simple.o
 .text.httpd_appcall
                0x000000000020af60       0xd0 obj_zoul/httpd-simple.o
                0x000000000020af60                httpd_appcall
 .text.httpd_init
                0x000000000020b030       0x18 obj_zoul/httpd-simple.o
                0x000000000020b030                httpd_init
 .text          0x000000000020b048       0x30 /usr/lib/gcc/arm-none-eabi/4.9.3/armv7-m/libgcc.a(_aeabi_uldivmod.o)
                0x000000000020b048                __aeabi_uldivmod
 .text          0x000000000020b078       0x60 /usr/lib/gcc/arm-none-eabi/4.9.3/armv7-m/libgcc.a(bpabi.o)
                0x000000000020b078                __gnu_ldivmod_helper
                0x000000000020b0a8                __gnu_uldivmod_helper
 .text          0x000000000020b0d8        0x4 /usr/lib/gcc/arm-none-eabi/4.9.3/armv7-m/libgcc.a(_dvmd_tls.o)
                0x000000000020b0d8                __aeabi_ldiv0
                0x000000000020b0d8                __aeabi_idiv0
 .text          0x000000000020b0dc      0x2ac /usr/lib/gcc/arm-none-eabi/4.9.3/armv7-m/libgcc.a(_divdi3.o)
                0x000000000020b0dc                __divdi3
 .text          0x000000000020b388      0x270 /usr/lib/gcc/arm-none-eabi/4.9.3/armv7-m/libgcc.a(_udivdi3.o)
                0x000000000020b388                __udivdi3
 .text.memcmp   0x000000000020b5f8       0x64 /usr/lib/gcc/arm-none-eabi/4.9.3/../../../arm-none-eabi/lib/armv7-m/libc.a(lib_a-memcmp.o)
                0x000000000020b5f8                memcmp
 .text          0x000000000020b65c       0xec /usr/lib/gcc/arm-none-eabi/4.9.3/../../../arm-none-eabi/lib/armv7-m/libc.a(lib_a-memcpy.o)
                0x000000000020b65c                memcpy
 .text.memmove  0x000000000020b748       0xc8 /usr/lib/gcc/arm-none-eabi/4.9.3/../../../arm-none-eabi/lib/armv7-m/libc.a(lib_a-memmove.o)
                0x000000000020b748                memmove
 .text.memset   0x000000000020b810       0x9c /usr/lib/gcc/arm-none-eabi/4.9.3/../../../arm-none-eabi/lib/armv7-m/libc.a(lib_a-memset.o)
                0x000000000020b810                memset
 .text.strcpy   0x000000000020b8ac       0xbc /usr/lib/gcc/arm-none-eabi/4.9.3/../../../arm-none-eabi/lib/armv7-m/libc.a(lib_a-strcpy.o)
                0x000000000020b8ac                strcpy
 .text.strlen   0x000000000020b968       0x5c /usr/lib/gcc/arm-none-eabi/4.9.3/../../../arm-none-eabi/lib/armv7-m/libc.a(lib_a-strlen.o)
                0x000000000020b968                strlen
 .text.strncmp  0x000000000020b9c4       0x94 /usr/lib/gcc/arm-none-eabi/4.9.3/../../../arm-none-eabi/lib/armv7-m/libc.a(lib_a-strncmp.o)
                0x000000000020b9c4                strncmp
 .text.strncpy  0x000000000020ba58       0x68 /usr/lib/gcc/arm-none-eabi/4.9.3/../../../arm-none-eabi/lib/armv7-m/libc.a(lib_a-strncpy.o)
                0x000000000020ba58                strncpy
 .text.default_handler
                0x000000000020bac0        0x2 obj_zoul/startup-gcc.o
                0x000000000020bac0                default_handler
 .text.nmi_handler
                0x000000000020bac2        0x6 obj_zoul/startup-gcc.o
                0x000000000020bac2                nmi_handler
 .text.fade     0x000000000020bac8       0x54 obj_zoul/contiki-main.o
 .text.board_init
                0x000000000020bb1c        0x4 obj_zoul/board.o
                0x000000000020bb1c                board_init
 .text.clock_isr
                0x000000000020bb20        0x4 obj_zoul/clock.o
                0x000000000020bb20                clock_isr
 .text.rtimer_arch_init
                0x000000000020bb24        0x2 obj_zoul/rtimer-arch.o
                0x000000000020bb24                rtimer_arch_init
 .text.uart0_isr
                0x000000000020bb26        0x6 obj_zoul/uart.o
                0x000000000020bb26                uart0_isr
 .text.uart1_isr
                0x000000000020bb2c        0x6 obj_zoul/uart.o
                0x000000000020bb2c                uart1_isr
 .text.cpu_cpsie
                0x000000000020bb32        0x8 obj_zoul/cpu.o
                0x000000000020bb32                cpu_cpsie
 .text.cpu_cpsid
                0x000000000020bb3a        0x8 obj_zoul/cpu.o
                0x000000000020bb3a                cpu_cpsid
 .text.gpio_port_a_isr
                0x000000000020bb42        0x6 obj_zoul/gpio.o
                0x000000000020bb42                gpio_port_a_isr
 .text.gpio_port_b_isr
                0x000000000020bb48        0x6 obj_zoul/gpio.o
                0x000000000020bb48                gpio_port_b_isr
 .text.gpio_port_c_isr
                0x000000000020bb4e        0x6 obj_zoul/gpio.o
                0x000000000020bb4e                gpio_port_c_isr
 .text.gpio_port_d_isr
                0x000000000020bb54        0x6 obj_zoul/gpio.o
                0x000000000020bb54                gpio_port_d_isr
 .text.send     0x000000000020bb5a       0x12 obj_zoul/cc2538-rf.o
 .text.dbg_send_bytes
                0x000000000020bb6c       0x20 obj_zoul/dbg.o
                0x000000000020bb6c                dbg_send_bytes
 .text.puts     0x000000000020bb8c       0x20 obj_zoul/dbg.o
                0x000000000020bb8c                puts
 .text.slip_arch_writeb
                0x000000000020bbac        0x8 obj_zoul/slip-arch.o
                0x000000000020bbac                slip_arch_writeb
 .text.configure
                0x000000000020bbb4        0x4 obj_zoul/cc2538-temp-sensor.o
 .text.status   0x000000000020bbb8        0x4 obj_zoul/cc2538-temp-sensor.o
 .text.value    0x000000000020bbbc       0x34 obj_zoul/cc2538-temp-sensor.o
 .text.configure
                0x000000000020bbf0        0x4 obj_zoul/vdd3-sensor.o
 .text.status   0x000000000020bbf4        0x4 obj_zoul/vdd3-sensor.o
 .text.value    0x000000000020bbf8       0x2a obj_zoul/vdd3-sensor.o
 .text.write_str
                0x000000000020bc22       0x10 obj_zoul/dbg-printf.o
 .text.buffer_str
                0x000000000020bc32       0x28 obj_zoul/dbg-snprintf.o
 .text.snprintf
                0x000000000020bc5a       0x1a obj_zoul/dbg-snprintf.o
                0x000000000020bc5a                snprintf
 .text.autostart_start
                0x000000000020bc74       0x14 obj_zoul/autostart.o
                0x000000000020bc74                autostart_start
 .text.energest_init
                0x000000000020bc88        0x2 obj_zoul/energest.o
                0x000000000020bc88                energest_init
 .text.stimer_set
                0x000000000020bc8a        0xe obj_zoul/stimer.o
                0x000000000020bc8a                stimer_set
 .text.etimer_set
                0x000000000020bc98       0x12 obj_zoul/etimer.o
                0x000000000020bc98                etimer_set
 .text.etimer_reset
                0x000000000020bcaa       0x12 obj_zoul/etimer.o
                0x000000000020bcaa                etimer_reset
 .text.etimer_restart
                0x000000000020bcbc       0x12 obj_zoul/etimer.o
                0x000000000020bcbc                etimer_restart
 .text.etimer_expired
                0x000000000020bcce        0xa obj_zoul/etimer.o
                0x000000000020bcce                etimer_expired
 .text.etimer_expiration_time
                0x000000000020bcd8        0x6 obj_zoul/etimer.o
                0x000000000020bcd8                etimer_expiration_time
 .text.call_process
                0x000000000020bcde        0xc obj_zoul/process.o
 .text.rtimer_init
                0x000000000020bcea        0x4 obj_zoul/rtimer.o
                0x000000000020bcea                rtimer_init
 .text.timer_set
                0x000000000020bcee        0xe obj_zoul/timer.o
                0x000000000020bcee                timer_set
 .text.timer_reset
                0x000000000020bcfc        0xa obj_zoul/timer.o
                0x000000000020bcfc                timer_reset
 .text.timer_restart
                0x000000000020bd06        0xc obj_zoul/timer.o
                0x000000000020bd06                timer_restart
 .text.timer_expired
                0x000000000020bd12       0x1c obj_zoul/timer.o
                0x000000000020bd12                timer_expired
 .text.list_init
                0x000000000020bd2e        0x6 obj_zoul/list.o
                0x000000000020bd2e                list_init
 .text.list_head
                0x000000000020bd34        0x4 obj_zoul/list.o
                0x000000000020bd34                list_head
 .text.list_tail
                0x000000000020bd38       0x10 obj_zoul/list.o
                0x000000000020bd38                list_tail
 .text.list_remove
                0x000000000020bd48       0x28 obj_zoul/list.o
                0x000000000020bd48                list_remove
 .text.list_add
                0x000000000020bd70       0x1e obj_zoul/list.o
                0x000000000020bd70                list_add
 .text.list_push
                0x000000000020bd8e       0x12 obj_zoul/list.o
                0x000000000020bd8e                list_push
 .text.list_length
                0x000000000020bda0        0xe obj_zoul/list.o
                0x000000000020bda0                list_length
 .text.list_item_next
                0x000000000020bdae        0x6 obj_zoul/list.o
                0x000000000020bdae                list_item_next
 .text.memb_init
                0x000000000020bdb4       0x20 obj_zoul/memb.o
                0x000000000020bdb4                memb_init
 .text.memb_alloc
                0x000000000020bdd4       0x28 obj_zoul/memb.o
                0x000000000020bdd4                memb_alloc
 .text.memb_free
                0x000000000020bdfc       0x2c obj_zoul/memb.o
                0x000000000020bdfc                memb_free
 .text.memb_inmemb
                0x000000000020be28       0x1c obj_zoul/memb.o
                0x000000000020be28                memb_inmemb
 .text.memb_numfree
                0x000000000020be44       0x1c obj_zoul/memb.o
                0x000000000020be44                memb_numfree
 .text.ringbuf_init
                0x000000000020be60        0xe obj_zoul/ringbuf.o
                0x000000000020be60                ringbuf_init
 .text.ringbuf_put
                0x000000000020be6e       0x28 obj_zoul/ringbuf.o
                0x000000000020be6e                ringbuf_put
 .text.ringbuf_get
                0x000000000020be96       0x20 obj_zoul/ringbuf.o
                0x000000000020be96                ringbuf_get
 .text.uip_ds6_list_loop
                0x000000000020beb6       0x48 obj_zoul/uip-ds6.o
                0x000000000020beb6                uip_ds6_list_loop
 .text.uip_ds6_maddr_rm
                0x000000000020befe        0x8 obj_zoul/uip-ds6.o
                0x000000000020befe                uip_ds6_maddr_rm
 .text.uip_ds6_set_addr_iid
                0x000000000020bf06       0x12 obj_zoul/uip-ds6.o
                0x000000000020bf06                uip_ds6_set_addr_iid
 .text.get_match_length
                0x000000000020bf18       0x3a obj_zoul/uip-ds6.o
                0x000000000020bf18                get_match_length
 .text.uip_ds6_route_next
                0x000000000020bf52        0x8 obj_zoul/uip-ds6-route.o
                0x000000000020bf52                uip_ds6_route_next
 .text.rm_routelist_callback
                0x000000000020bf5a        0x4 obj_zoul/uip-ds6-route.o
 .text.chksum   0x000000000020bf5e       0x38 obj_zoul/uip6.o
 .text.uip_icmp6chksum
                0x000000000020bf96        0x6 obj_zoul/uip6.o
                0x000000000020bf96                uip_icmp6chksum
 .text.uip_tcpchksum
                0x000000000020bf9c        0x6 obj_zoul/uip6.o
                0x000000000020bf9c                uip_tcpchksum
 .text.uip_udpchksum
                0x000000000020bfa2        0x6 obj_zoul/uip6.o
                0x000000000020bfa2                uip_udpchksum
 .text.uip_htonl
                0x000000000020bfa8       0x14 obj_zoul/uip6.o
                0x000000000020bfa8                uip_htonl
 .text.uip_ds6_nbr_ipaddr_from_lladdr
                0x000000000020bfbc        0x4 obj_zoul/uip-ds6-nbr.o
                0x000000000020bfbc                uip_ds6_nbr_ipaddr_from_lladdr
 .text.uip_ds6_nbr_lladdr_from_ipaddr
                0x000000000020bfc0       0x12 obj_zoul/uip-ds6-nbr.o
                0x000000000020bfc0                uip_ds6_nbr_lladdr_from_ipaddr
 .text.uip_nd6_init
                0x000000000020bfd2        0x2 obj_zoul/uip-nd6.o
                0x000000000020bfd2                uip_nd6_init
 .text.psock_datalen
                0x000000000020bfd4        0xa obj_zoul/psock.o
                0x000000000020bfd4                psock_datalen
 .text.psock_init
                0x000000000020bfde       0x16 obj_zoul/psock.o
                0x000000000020bfde                psock_init
 .text.lollipop_greater_than
                0x000000000020bff4       0x34 obj_zoul/rpl-dag.o
 .text.check_prefix
                0x000000000020c028       0x58 obj_zoul/rpl-dag.o
 .text.rpl_rank_via_parent
                0x000000000020c080       0x1a obj_zoul/rpl-dag.o
                0x000000000020c080                rpl_rank_via_parent
 .text.rpl_get_parent_ipaddr
                0x000000000020c09a        0xe obj_zoul/rpl-dag.o
                0x000000000020c09a                rpl_get_parent_ipaddr
 .text.rpl_get_parent_link_stats
                0x000000000020c0a8        0xe obj_zoul/rpl-dag.o
                0x000000000020c0a8                rpl_get_parent_link_stats
 .text.rpl_parent_is_fresh
                0x000000000020c0b6        0xe obj_zoul/rpl-dag.o
                0x000000000020c0b6                rpl_parent_is_fresh
 .text.rpl_parent_is_reachable
                0x000000000020c0c4       0x36 obj_zoul/rpl-dag.o
                0x000000000020c0c4                rpl_parent_is_reachable
 .text.rpl_set_prefix
                0x000000000020c0fa       0x6c obj_zoul/rpl-dag.o
                0x000000000020c0fa                rpl_set_prefix
 .text.rpl_set_default_route
                0x000000000020c166       0x30 obj_zoul/rpl-dag.o
                0x000000000020c166                rpl_set_default_route
 .text.rpl_find_parent
                0x000000000020c196       0x16 obj_zoul/rpl-dag.o
                0x000000000020c196                rpl_find_parent
 .text.rpl_find_parent_any_dag
                0x000000000020c1ac       0x1e obj_zoul/rpl-dag.o
                0x000000000020c1ac                rpl_find_parent_any_dag
 .text.rpl_select_parent
                0x000000000020c1ca       0x4a obj_zoul/rpl-dag.o
                0x000000000020c1ca                rpl_select_parent
 .text.rpl_select_dag
                0x000000000020c214      0x15c obj_zoul/rpl-dag.o
                0x000000000020c214                rpl_select_dag
 .text.rpl_nullify_parent
                0x000000000020c370       0x54 obj_zoul/rpl-dag.o
                0x000000000020c370                rpl_nullify_parent
 .text.nbr_callback
                0x000000000020c3c4        0x4 obj_zoul/rpl-dag.o
 .text.rpl_free_dag
                0x000000000020c3c8       0x3a obj_zoul/rpl-dag.o
                0x000000000020c3c8                rpl_free_dag
 .text.rpl_move_parent
                0x000000000020c402       0x54 obj_zoul/rpl-dag.o
                0x000000000020c402                rpl_move_parent
 .text.rpl_repair_root
                0x000000000020c456       0x48 obj_zoul/rpl-dag.o
                0x000000000020c456                rpl_repair_root
 .text.rpl_alloc_dag
                0x000000000020c49e       0x48 obj_zoul/rpl-dag.o
                0x000000000020c49e                rpl_alloc_dag
 .text.rpl_process_parent_event
                0x000000000020c4e6       0x96 obj_zoul/rpl-dag.o
                0x000000000020c4e6                rpl_process_parent_event
 .text.rpl_add_dag
                0x000000000020c57c      0x112 obj_zoul/rpl-dag.o
                0x000000000020c57c                rpl_add_dag
 .text.rpl_process_dio
                0x000000000020c68e      0x2e6 obj_zoul/rpl-dag.o
                0x000000000020c68e                rpl_process_dio
 .text.handle_unicast_dio_timer
                0x000000000020c974       0x1c obj_zoul/rpl-timers.o
 .text.rpl_reset_dio_timer
                0x000000000020c990       0x1c obj_zoul/rpl-timers.o
                0x000000000020c990                rpl_reset_dio_timer
 .text.rpl_schedule_dao
                0x000000000020c9ac        0x8 obj_zoul/rpl-timers.o
                0x000000000020c9ac                rpl_schedule_dao
 .text.get_probing_delay
                0x000000000020c9b4       0x3a obj_zoul/rpl-timers.o
                0x000000000020c9b4                get_probing_delay
 .text.handle_probing_timer
                0x000000000020c9ee       0x32 obj_zoul/rpl-timers.o
 .text.rpl_remove_routes
                0x000000000020ca20       0x1e obj_zoul/rpl.o
                0x000000000020ca20                rpl_remove_routes
 .text.rpl_remove_routes_by_nexthop
                0x000000000020ca3e       0x30 obj_zoul/rpl.o
                0x000000000020ca3e                rpl_remove_routes_by_nexthop
 .text.rpl_add_route
                0x000000000020ca6e       0x2e obj_zoul/rpl.o
                0x000000000020ca6e                rpl_add_route
 .text.reset    0x000000000020ca9c        0x2 obj_zoul/rpl-mrhof.o
 .text.update_metric_container
                0x000000000020ca9e        0x6 obj_zoul/rpl-mrhof.o
 .text.parent_link_metric
                0x000000000020caa4       0x12 obj_zoul/rpl-mrhof.o
 .text.parent_has_usable_link
                0x000000000020cab6       0x12 obj_zoul/rpl-mrhof.o
 .text.best_dag
                0x000000000020cac8       0x2c obj_zoul/rpl-mrhof.o
 .text.parent_path_cost
                0x000000000020caf4       0x34 obj_zoul/rpl-mrhof.o
 .text.parent_is_acceptable
                0x000000000020cb28       0x26 obj_zoul/rpl-mrhof.o
 .text.rank_via_parent
                0x000000000020cb4e       0x34 obj_zoul/rpl-mrhof.o
 .text.best_parent
                0x000000000020cb82       0x68 obj_zoul/rpl-mrhof.o
 .text.get32    0x000000000020cbea       0x18 obj_zoul/rpl-icmp6.o
 .text.set32    0x000000000020cc02       0x12 obj_zoul/rpl-icmp6.o
 .text.get16    0x000000000020cc14        0xc obj_zoul/rpl-icmp6.o
 .text.set16    0x000000000020cc20        0xa obj_zoul/rpl-icmp6.o
 .text.rpl_icmp6_update_nbr_table
                0x000000000020cc2a       0x2e obj_zoul/rpl-icmp6.o
                0x000000000020cc2a                rpl_icmp6_update_nbr_table
 .text.queuebuf_update_attr_from_packetbuf
                0x000000000020cc58        0xc obj_zoul/queuebuf.o
                0x000000000020cc58                queuebuf_update_attr_from_packetbuf
 .text.queuebuf_attr
                0x000000000020cc64        0xc obj_zoul/queuebuf.o
                0x000000000020cc64                queuebuf_attr
 .text.item_from_key
                0x000000000020cc70       0x22 obj_zoul/nbr-table.o
 .text.nbr_set_bit
                0x000000000020cc92       0x38 obj_zoul/nbr-table.o
 .text.nbr_table_next
                0x000000000020ccca       0x3e obj_zoul/nbr-table.o
                0x000000000020ccca                nbr_table_next
 .text.nbr_table_get_from_lladdr
                0x000000000020cd08       0x32 obj_zoul/nbr-table.o
                0x000000000020cd08                nbr_table_get_from_lladdr
 .text.nbr_table_get_lladdr
                0x000000000020cd3a       0x20 obj_zoul/nbr-table.o
                0x000000000020cd3a                nbr_table_get_lladdr
 .text.linkaddr_copy
                0x000000000020cd5a        0xa obj_zoul/linkaddr.o
                0x000000000020cd5a                linkaddr_copy
 .text.linkaddr_cmp
                0x000000000020cd64       0x10 obj_zoul/linkaddr.o
                0x000000000020cd64                linkaddr_cmp
 .text.link_stats_is_fresh
                0x000000000020cd74       0x24 obj_zoul/link-stats.o
                0x000000000020cd74                link_stats_is_fresh
 .text.parse    0x000000000020cd98       0x94 obj_zoul/framer-802154.o
 .text.create   0x000000000020ce2c        0x6 obj_zoul/framer-802154.o
 .text.hdr_length
                0x000000000020ce32        0x6 obj_zoul/framer-802154.o
 .text.frame802154_has_panid
                0x000000000020ce38       0x4c obj_zoul/frame802154.o
                0x000000000020ce38                frame802154_has_panid
 .text.field_len
                0x000000000020ce84       0x84 obj_zoul/frame802154.o
 .text.frame802154_is_broadcast_addr
                0x000000000020cf08       0x1e obj_zoul/frame802154.o
                0x000000000020cf08                frame802154_is_broadcast_addr
 .text.frame802154_hdrlen
                0x000000000020cf26       0x32 obj_zoul/frame802154.o
                0x000000000020cf26                frame802154_hdrlen
 .text.frame802154_create
                0x000000000020cf58       0xe6 obj_zoul/frame802154.o
                0x000000000020cf58                frame802154_create
 .text.mac_call_sent_callback
                0x000000000020d03e       0x16 obj_zoul/mac.o
                0x000000000020d03e                mac_call_sent_callback
 .text.packet_sent
                0x000000000020d054       0xca obj_zoul/csma.o
 .text.channel_check_interval
                0x000000000020d11e        0x4 obj_zoul/nullrdc.o
 .text.init     0x000000000020d122        0x4 obj_zoul/nullrdc.o
 .text.send_list
                0x000000000020d126       0x20 obj_zoul/nullrdc.o
 .text.send_packet
                0x000000000020d146        0x4 obj_zoul/nullrdc.o
 .text.init     0x000000000020d14a        0x2 obj_zoul/nullsec.o
 *(SORT(.rodata*))
 .rodata.button_sensor
                0x000000000020d14c       0x10 obj_zoul/button-sensor.o
                0x000000000020d14c                button_sensor
 .rodata.uart_regs
                0x000000000020d15c       0x58 obj_zoul/uart.o
 .rodata.reset_cause.4692
                0x000000000020d1b4       0x10 obj_zoul/sys-ctrl.o
 .rodata.output_power
                0x000000000020d1c4       0x70 obj_zoul/cc2538-rf.o
 .rodata.cc2538_rf_driver
                0x000000000020d234       0x38 obj_zoul/cc2538-rf.o
                0x000000000020d234                cc2538_rf_driver
 .rodata.cc2538_temp_sensor
                0x000000000020d26c       0x10 obj_zoul/cc2538-temp-sensor.o
                0x000000000020d26c                cc2538_temp_sensor
 .rodata.vdd3_sensor
                0x000000000020d27c       0x10 obj_zoul/vdd3-sensor.o
                0x000000000020d27c                vdd3_sensor
 .rodata.sicslowpan_driver
                0x000000000020d28c        0xc obj_zoul/sicslowpan.o
                0x000000000020d28c                sicslowpan_driver
 .rodata.framer_802154
                0x000000000020d298        0xc obj_zoul/framer-802154.o
                0x000000000020d298                framer_802154
 .rodata.csma_driver
                0x000000000020d2a4       0x1c obj_zoul/csma.o
                0x000000000020d2a4                csma_driver
 .rodata.nullrdc_driver
                0x000000000020d2c0       0x20 obj_zoul/nullrdc.o
                0x000000000020d2c0                nullrdc_driver
 .rodata.nullsec_driver
                0x000000000020d2e0       0x10 obj_zoul/nullsec.o
                0x000000000020d2e0                nullsec_driver
 .rodata.autostart_processes
                0x000000000020d2f0        0xc border-router.co
                0x000000000020d2f0                autostart_processes
 .rodata.rpl_interface
                0x000000000020d2fc        0x8 obj_zoul/slip-bridge.o
                0x000000000020d2fc                rpl_interface
 .rodata.str1.1
                0x000000000020d304       0x73 obj_zoul/contiki-main.o
 .rodata.str1.1
                0x000000000020d377        0x7 obj_zoul/button-sensor.o
 .rodata.str1.1
                0x000000000020d37e       0x94 obj_zoul/soc.o
 .rodata.str1.1
                0x000000000020d412       0x2d obj_zoul/sys-ctrl.o
 .rodata.str1.1
                0x000000000020d43f       0x11 obj_zoul/cc2538-rf.o
 .rodata.str1.1
                0x000000000020d450       0x21 obj_zoul/slip.o
 .rodata.str1.1
                0x000000000020d471       0x14 obj_zoul/cc2538-temp-sensor.o
 .rodata.str1.1
                0x000000000020d485        0x5 obj_zoul/vdd3-sensor.o
 .rodata.buffer.4159
                0x000000000020d48a       0x10 obj_zoul/strformat.o
 .rodata.str1.1
                0x000000000020d49a       0x35 obj_zoul/strformat.o
                                         0x37 (size before relaxing)
 .rodata.buffer.4150
                0x000000000020d4cf       0x10 obj_zoul/strformat.o
 .rodata.str1.1
                0x000000000020d4df        0xf obj_zoul/ctimer.o
 .rodata.str1.1
                0x000000000020d4ee        0xc obj_zoul/etimer.o
 .rodata.str1.1
                0x000000000020d4fa        0xe obj_zoul/serial-line.o
 .rodata.str1.1
                0x000000000020d508        0x8 obj_zoul/sensors.o
 .rodata        0x000000000020d510        0x2 obj_zoul/sicslowpan.o
 .rodata.ttl_values
                0x000000000020d512        0x4 obj_zoul/sicslowpan.o
 .rodata.unc_llconf
                0x000000000020d516        0x4 obj_zoul/sicslowpan.o
                0x000000000020d516                unc_llconf
 .rodata.llprefix
                0x000000000020d51a        0x2 obj_zoul/sicslowpan.o
                0x000000000020d51a                llprefix
 .rodata.unc_mxconf
                0x000000000020d51c        0x4 obj_zoul/sicslowpan.o
                0x000000000020d51c                unc_mxconf
 .rodata.str1.1
                0x000000000020d520        0xb obj_zoul/sicslowpan.o
 .rodata.unc_ctxconf
                0x000000000020d52b        0x4 obj_zoul/sicslowpan.o
                0x000000000020d52b                unc_ctxconf
 .rodata.str1.1
                0x000000000020d52f        0xd obj_zoul/tcpip.o
 .rodata.str1.1
                0x000000000020d53c       0x28 obj_zoul/uip-debug.o
 .rodata.linkaddr_null
                0x000000000020d564        0x8 obj_zoul/linkaddr.o
                0x000000000020d564                linkaddr_null
 .rodata.str1.1
                0x000000000020d56c        0x5 obj_zoul/csma.o
 .rodata.str1.1
                0x000000000020d571        0x8 obj_zoul/nullrdc.o
 .rodata.str1.1
                0x000000000020d579        0x8 obj_zoul/nullsec.o
 .rodata.str1.1
                0x000000000020d581       0xb6 border-router.co
                                         0xc0 (size before relaxing)
 .rodata.str1.1
                0x000000000020d637       0x90 obj_zoul/slip-bridge.o
                                         0xa1 (size before relaxing)
 .rodata.http_index_html
                0x000000000020d6c7        0xc obj_zoul/httpd-simple.o
                0x000000000020d6c7                http_index_html
 .rodata.http_header_404
                0x000000000020d6d3       0x5d obj_zoul/httpd-simple.o
                0x000000000020d6d3                http_header_404
 .rodata.http_header_200
                0x000000000020d730       0x56 obj_zoul/httpd-simple.o
                0x000000000020d730                http_header_200
 .rodata.http_content_type_html
                0x000000000020d786       0x1c obj_zoul/httpd-simple.o
                0x000000000020d786                http_content_type_html
 .rodata.str1.1
                0x000000000020d7a2       0x68 obj_zoul/httpd-simple.o
 .rodata.http_get
                0x000000000020d80a        0x5 obj_zoul/httpd-simple.o
                0x000000000020d80a                http_get
                0x000000000020d80f                _etext = .

.glue_7         0x000000000020d810        0x0
 .glue_7        0x000000000020d810        0x0 linker stubs

.glue_7t        0x000000000020d810        0x0
 .glue_7t       0x000000000020d810        0x0 linker stubs

.vfp11_veneer   0x000000000020d810        0x0
 .vfp11_veneer  0x000000000020d810        0x0 linker stubs

.v4_bx          0x000000000020d810        0x0
 .v4_bx         0x000000000020d810        0x0 linker stubs

.iplt           0x000000000020d810        0x0
 .iplt          0x000000000020d810        0x0 obj_zoul/startup-gcc.o

.socdata        0x0000000020004000       0x40
 *(SORT(.udma_channel_control_table))
 .udma_channel_control_table
                0x0000000020004000       0x40 obj_zoul/udma.o

.data           0x0000000020004040      0x1dd load address 0x000000000020d810
                0x0000000020004040                _data = .
 *(SORT(.data*))
 .data.sensors  0x0000000020004040       0x10 obj_zoul/zoul-sensors.o
                0x0000000020004040                sensors
 .data.cc2538_rf_process
                0x0000000020004050       0x10 obj_zoul/cc2538-rf.o
                0x0000000020004050                cc2538_rf_process
 .data.slip_process
                0x0000000020004060       0x10 obj_zoul/slip.o
                0x0000000020004060                slip_process
 .data.ctxt     0x0000000020004070        0x8 obj_zoul/dbg-printf.o
 .data.ctimer_process
                0x0000000020004078       0x10 obj_zoul/ctimer.o
                0x0000000020004078                ctimer_process
 .data.etimer_process
                0x0000000020004088       0x10 obj_zoul/etimer.o
                0x0000000020004088                etimer_process
 .data.serial_line_process
                0x0000000020004098       0x10 obj_zoul/serial-line.o
                0x0000000020004098                serial_line_process
 .data.sensors_process
                0x00000000200040a8       0x10 obj_zoul/sensors.o
                0x00000000200040a8                sensors_process
 .data.echo_request_handler
                0x00000000200040b8        0xc obj_zoul/uip-icmp6.o
 .data.echo_reply_handler
                0x00000000200040c4        0xc obj_zoul/uip-icmp6.o
 .data.defaultroutermemb
                0x00000000200040d0        0xc obj_zoul/uip-ds6-route.o
 .data.nbr_routes_struct
                0x00000000200040dc       0x10 obj_zoul/uip-ds6-route.o
 .data.nbr_routes
                0x00000000200040ec        0x4 obj_zoul/uip-ds6-route.o
                0x00000000200040ec                nbr_routes
 .data.routememb
                0x00000000200040f0        0xc obj_zoul/uip-ds6-route.o
 .data.neighborroutememb
                0x00000000200040fc        0xc obj_zoul/uip-ds6-route.o
 .data.ds6_neighbors
                0x0000000020004108        0x4 obj_zoul/uip-ds6-nbr.o
                0x0000000020004108                ds6_neighbors
 .data.ds6_neighbors_struct
                0x000000002000410c       0x10 obj_zoul/uip-ds6-nbr.o
 .data.tcpip_process
                0x000000002000411c       0x10 obj_zoul/tcpip.o
                0x000000002000411c                tcpip_process
 .data.rpl_parents
                0x000000002000412c        0x4 obj_zoul/rpl-dag.o
                0x000000002000412c                rpl_parents
 .data.rpl_parents_struct
                0x0000000020004130       0x10 obj_zoul/rpl-dag.o
 .data.rpl_mrhof
                0x0000000020004140       0x24 obj_zoul/rpl-mrhof.o
                0x0000000020004140                rpl_mrhof
 .data.dao_ack_handler
                0x0000000020004164        0xc obj_zoul/rpl-icmp6.o
 .data.dis_handler
                0x0000000020004170        0xc obj_zoul/rpl-icmp6.o
 .data.dao_handler
                0x000000002000417c        0xc obj_zoul/rpl-icmp6.o
 .data.dio_handler
                0x0000000020004188        0xc obj_zoul/rpl-icmp6.o
 .data.bufmem   0x0000000020004194        0xc obj_zoul/queuebuf.o
 .data.buframmem
                0x00000000200041a0        0xc obj_zoul/queuebuf.o
 .data.neighbor_addr_mem
                0x00000000200041ac        0xc obj_zoul/nbr-table.o
 .data.link_stats_struct
                0x00000000200041b8       0x10 obj_zoul/link-stats.o
 .data.metadata_memb
                0x00000000200041c8        0xc obj_zoul/csma.o
 .data.neighbor_memb
                0x00000000200041d4        0xc obj_zoul/csma.o
 .data.packet_memb
                0x00000000200041e0        0xc obj_zoul/csma.o
 .data.border_router_process
                0x00000000200041ec       0x10 border-router.co
                0x00000000200041ec                border_router_process
 .data.webserver_nogui_process
                0x00000000200041fc       0x10 border-router.co
                0x00000000200041fc                webserver_nogui_process
 .data.conns    0x000000002000420c        0xc obj_zoul/httpd-simple.o
 .data.mac_pan_id
                0x0000000020004218        0x2 obj_zoul/frame802154.o
 .data.send_on_cca
                0x000000002000421a        0x1 obj_zoul/cc2538-rf.o
 .data.rf_channel
                0x000000002000421b        0x1 obj_zoul/cc2538-rf.o
 .data.dao_sequence
                0x000000002000421c        0x1 obj_zoul/rpl-icmp6.o
                0x000000002000421d                _edata = .
                0x000000000020d810                _ldata = LOADADDR (.data)

.igot.plt       0x0000000020004220        0x0 load address 0x000000000020d9ed
 .igot.plt      0x0000000020004220        0x0 obj_zoul/startup-gcc.o

.ARM.exidx      0x000000000020d9f0        0x8
 *(SORT(.ARM.exidx*))
 .ARM.exidx     0x000000000020d9f0        0x8 /usr/lib/gcc/arm-none-eabi/4.9.3/armv7-m/libgcc.a(_divdi3.o)
 .ARM.exidx     0x000000000020d9f8        0x0 /usr/lib/gcc/arm-none-eabi/4.9.3/armv7-m/libgcc.a(_udivdi3.o)
                                          0x8 (size before relaxing)

.bss            0x0000000020004220     0x22a4
                0x0000000020004220                _bss = .
 *(SORT(.bss*))
 .bss.rt_ticks_startup
                0x0000000020004220        0x8 obj_zoul/clock.o
 .bss.rt_ticks_epoch
                0x0000000020004228        0x8 obj_zoul/clock.o
 .bss.press_counter
                0x0000000020004230       0x20 obj_zoul/button-sensor.o
 .bss.debouncetimer
                0x0000000020004250        0x8 obj_zoul/button-sensor.o
 .bss.press_duration
                0x0000000020004258        0x4 obj_zoul/button-sensor.o
 .bss.next_trigger
                0x000000002000425c        0x4 obj_zoul/rtimer-arch.o
 .bss.input_handler
                0x0000000020004260        0x8 obj_zoul/uart.o
 .bss.interrupt_disable
                0x0000000020004268        0x4 obj_zoul/nvic.o
 .bss.interrupt_pend
                0x000000002000426c        0x4 obj_zoul/nvic.o
 .bss.interrupt_unpend
                0x0000000020004270        0x4 obj_zoul/nvic.o
 .bss.interrupt_enable
                0x0000000020004274        0x4 obj_zoul/nvic.o
 .bss.gpio_callbacks
                0x0000000020004278       0x80 obj_zoul/gpio.o
 .bss.ioc_sel   0x00000000200042f8        0x4 obj_zoul/ioc.o
 .bss.ioc_over  0x00000000200042fc        0x4 obj_zoul/ioc.o
 .bss.notification_process
                0x0000000020004300        0x4 obj_zoul/crypto.o
 .bss.periph_permit_pm1_funcs
                0x0000000020004304       0x14 obj_zoul/lpm.o
 .bss.notification_process
                0x0000000020004318        0x4 obj_zoul/pka.o
 .bss.input_callback
                0x000000002000431c        0x4 obj_zoul/slip.o
 .bss.ctimer_list_list
                0x0000000020004320        0x4 obj_zoul/ctimer.o
 .bss.timerlist
                0x0000000020004324        0x4 obj_zoul/etimer.o
 .bss.next_expiration
                0x0000000020004328        0x4 obj_zoul/etimer.o
 .bss.process_current
                0x000000002000432c        0x4 obj_zoul/process.o
                0x000000002000432c                process_current
 .bss.process_list
                0x0000000020004330        0x4 obj_zoul/process.o
                0x0000000020004330                process_list
 .bss.events    0x0000000020004334      0x180 obj_zoul/process.o
 .bss.next_rtimer
                0x00000000200044b4        0x4 obj_zoul/rtimer.o
 .bss.rxbuf     0x00000000200044b8        0x8 obj_zoul/serial-line.o
 .bss.ptr.4707  0x00000000200044c0        0x4 obj_zoul/serial-line.o
 .bss.i.4722    0x00000000200044c4        0x4 obj_zoul/sensors.o
 .bss.events.4723
                0x00000000200044c8        0x4 obj_zoul/sensors.o
 .bss.echo_reply_callback_list_list
                0x00000000200044cc        0x4 obj_zoul/uip-icmp6.o
 .bss.input_handler_list_list
                0x00000000200044d0        0x4 obj_zoul/uip-icmp6.o
 .bss.locmaddr  0x00000000200044d4        0x4 obj_zoul/uip-ds6.o
 .bss.locprefix
                0x00000000200044d8        0x4 obj_zoul/uip-ds6.o
 .bss.locaddr   0x00000000200044dc        0x4 obj_zoul/uip-ds6.o
 .bss.defaultroutermemb_memb_mem
                0x00000000200044e0       0x40 obj_zoul/uip-ds6-route.o
 .bss.num_routes
                0x0000000020004520        0x4 obj_zoul/uip-ds6-route.o
 .bss.defaultrouterlist_list
                0x0000000020004524        0x4 obj_zoul/uip-ds6-route.o
 .bss._nbr_routes_mem
                0x0000000020004528       0x80 obj_zoul/uip-ds6-route.o
 .bss.routelist_list
                0x00000000200045a8        0x4 obj_zoul/uip-ds6-route.o
 .bss.routememb_memb_mem
                0x00000000200045ac      0x280 obj_zoul/uip-ds6-route.o
 .bss.neighborroutememb_memb_mem
                0x000000002000482c       0x80 obj_zoul/uip-ds6-route.o
 .bss.notificationlist_list
                0x00000000200048ac        0x4 obj_zoul/uip-ds6-route.o
 .bss.context   0x00000000200048b0        0x4 obj_zoul/sicslowpan.o
 .bss.last_rssi
                0x00000000200048b4        0x4 obj_zoul/sicslowpan.o
 .bss.hc06_ptr  0x00000000200048b8        0x4 obj_zoul/sicslowpan.o
 .bss.packetbuf_ptr
                0x00000000200048bc        0x4 obj_zoul/sicslowpan.o
 .bss.packetbuf_payload_len
                0x00000000200048c0        0x4 obj_zoul/sicslowpan.o
 .bss.last_tx_status
                0x00000000200048c4        0x4 obj_zoul/sicslowpan.o
 .bss.callback  0x00000000200048c8        0x4 obj_zoul/sicslowpan.o
 .bss.frag_info
                0x00000000200048cc      0x170 obj_zoul/sicslowpan.o
 .bss.s         0x0000000020004a3c       0x44 obj_zoul/tcpip.o
 .bss.periodic  0x0000000020004a80       0x10 obj_zoul/tcpip.o
 .bss.outputfunc
                0x0000000020004a90        0x4 obj_zoul/tcpip.o
 .bss.periodic_timer
                0x0000000020004a94       0x20 obj_zoul/rpl-nbr-policy.o
 .bss.timer_init
                0x0000000020004ab4        0x4 obj_zoul/rpl-nbr-policy.o
 .bss.num_children
                0x0000000020004ab8        0x4 obj_zoul/rpl-nbr-policy.o
 .bss.worst_rank_nbr
                0x0000000020004abc        0x4 obj_zoul/rpl-nbr-policy.o
 .bss.num_free  0x0000000020004ac0        0x4 obj_zoul/rpl-nbr-policy.o
 .bss.num_parents
                0x0000000020004ac4        0x4 obj_zoul/rpl-nbr-policy.o
 .bss._rpl_parents_mem
                0x0000000020004ac8       0x80 obj_zoul/rpl-dag.o
 .bss.periodic_timer
                0x0000000020004b48       0x20 obj_zoul/rpl-timers.o
 .bss.bufmem_memb_mem
                0x0000000020004b68       0x10 obj_zoul/queuebuf.o
 .bss.nbr_table_keys_list
                0x0000000020004b78        0x4 obj_zoul/nbr-table.o
 .bss.neighbor_addr_mem_memb_mem
                0x0000000020004b7c       0xc0 obj_zoul/nbr-table.o
 .bss.all_tables
                0x0000000020004c3c       0x20 obj_zoul/nbr-table.o
 .bss.num_tables
                0x0000000020004c5c        0x4 obj_zoul/nbr-table.o
 .bss.packetbuf_aligned
                0x0000000020004c60       0x80 obj_zoul/packetbuf.o
 .bss._link_stats_mem
                0x0000000020004ce0       0xc0 obj_zoul/link-stats.o
 .bss.metadata_memb_memb_mem
                0x0000000020004da0       0x30 obj_zoul/csma.o
 .bss.neighbor_list_list
                0x0000000020004dd0        0x4 obj_zoul/csma.o
 .bss.packet_memb_memb_mem
                0x0000000020004dd4       0x30 obj_zoul/csma.o
 .bss.neighbor_memb_memb_mem
                0x0000000020004e04       0x70 obj_zoul/csma.o
 .bss.r.8269    0x0000000020004e74        0x4 border-router.co
 .bss.blen      0x0000000020004e78        0x4 border-router.co
 .bss.et.8309   0x0000000020004e7c       0x10 border-router.co
 .bss.nbr.8270  0x0000000020004e8c        0x4 border-router.co
 .bss.conns_memb_mem
                0x0000000020004e90       0xf0 obj_zoul/httpd-simple.o
 .bss.end       0x0000000020004f80        0x2 obj_zoul/slip.o
 .bss.pkt_end   0x0000000020004f82        0x2 obj_zoul/slip.o
 .bss.begin     0x0000000020004f84        0x2 obj_zoul/slip.o
 .bss.tmp_ipaddr
                0x0000000020004f86       0x10 obj_zoul/uip-icmp6.o
 .bss.loc_fipaddr
                0x0000000020004f96       0x10 obj_zoul/uip-ds6.o
 .bss.lastport  0x0000000020004fa6        0x2 obj_zoul/uip6.o
 .bss._ds6_neighbors_mem
                0x0000000020004fa8      0x120 obj_zoul/uip-ds6-nbr.o
 .bss.my_tag    0x00000000200050c8        0x2 obj_zoul/sicslowpan.o
 .bss.worst_rank
                0x00000000200050ca        0x2 obj_zoul/rpl-nbr-policy.o
 .bss.next_dis  0x00000000200050cc        0x2 obj_zoul/rpl-timers.o
 .bss.buframmem_memb_mem
                0x00000000200050ce      0x2c0 obj_zoul/queuebuf.o
 .bss.buflen    0x000000002000538e        0x2 obj_zoul/packetbuf.o
 .bss.bufptr    0x0000000020005390        0x2 obj_zoul/packetbuf.o
 .bss.seqno.6271
                0x0000000020005392        0x2 obj_zoul/csma.o
 .bss.prefix    0x0000000020005394       0x10 border-router.co
 .bss.last_sender
                0x00000000200053a4       0x10 obj_zoul/slip-bridge.o
 .bss.leds      0x00000000200053b4        0x1 obj_zoul/leds.o
 .bss.press_event_counter
                0x00000000200053b5        0x1 obj_zoul/button-sensor.o
 .bss.initialized
                0x00000000200053b6        0x1 obj_zoul/antenna-sw.o
 .bss.crc_corr  0x00000000200053b7        0x1 obj_zoul/cc2538-rf.o
 .bss.rssi      0x00000000200053b8        0x1 obj_zoul/cc2538-rf.o
 .bss.poll_mode
                0x00000000200053b9        0x1 obj_zoul/cc2538-rf.o
 .bss.rf_flags  0x00000000200053ba        0x1 obj_zoul/cc2538-rf.o
 .bss.max_pm    0x00000000200053bb        0x1 obj_zoul/lpm.o
 .bss.debug_frame.5465
                0x00000000200053bc        0x1 obj_zoul/dbg.o
 .bss.rxbuf     0x00000000200053bd      0x110 obj_zoul/slip.o
 .bss.state     0x00000000200054cd        0x1 obj_zoul/slip.o
 .bss.initialized
                0x00000000200054ce        0x1 obj_zoul/ctimer.o
 .bss.fevent    0x00000000200054cf        0x1 obj_zoul/process.o
 .bss.nevents   0x00000000200054d0        0x1 obj_zoul/process.o
 .bss.poll_requested
                0x00000000200054d1        0x1 obj_zoul/process.o
 .bss.lastevent
                0x00000000200054d2        0x1 obj_zoul/process.o
 .bss.overflow.4700
                0x00000000200054d3        0x1 obj_zoul/serial-line.o
 .bss.rxbuf_data
                0x00000000200054d4       0x80 obj_zoul/serial-line.o
 .bss.buf.4706  0x0000000020005554       0x80 obj_zoul/serial-line.o
 .bss.num_sensors
                0x00000000200055d4        0x1 obj_zoul/sensors.o
 .bss.defaultroutermemb_memb_count
                0x00000000200055d5        0x2 obj_zoul/uip-ds6-route.o
 .bss.neighborroutememb_memb_count
                0x00000000200055d7       0x10 obj_zoul/uip-ds6-route.o
 .bss.routememb_memb_count
                0x00000000200055e7       0x10 obj_zoul/uip-ds6-route.o
 .bss.uip_ext_len
                0x00000000200055f7        0x1 obj_zoul/uip6.o
                0x00000000200055f7                uip_ext_len
 .bss.uip_ext_bitmap
                0x00000000200055f8        0x1 obj_zoul/uip6.o
                0x00000000200055f8                uip_ext_bitmap
 .bss.iss       0x00000000200055f9        0x4 obj_zoul/uip6.o
 .bss.uip_ext_opt_offset
                0x00000000200055fd        0x1 obj_zoul/uip6.o
                0x00000000200055fd                uip_ext_opt_offset
 .bss.uncomp_hdr_len
                0x00000000200055fe        0x1 obj_zoul/sicslowpan.o
 .bss.addr_contexts
                0x00000000200055ff        0xa obj_zoul/sicslowpan.o
 .bss.frag_buf  0x0000000020005609      0x54c obj_zoul/sicslowpan.o
 .bss.packetbuf_hdr_len
                0x0000000020005b55        0x1 obj_zoul/sicslowpan.o
 .bss.dio_send_ok
                0x0000000020005b56        0x1 obj_zoul/rpl-timers.o
 .bss.mode      0x0000000020005b57        0x1 obj_zoul/rpl.o
 .bss.buframmem_memb_count
                0x0000000020005b58        0x4 obj_zoul/queuebuf.o
 .bss.bufmem_memb_count
                0x0000000020005b5c        0x4 obj_zoul/queuebuf.o
 .bss.neighbor_addr_mem_memb_count
                0x0000000020005b60       0x10 obj_zoul/nbr-table.o